
*** Running vivado
    with args -log floating_point_0.vds -m64 -product Vivado -mode batch -messageDb vivado.pb -notrace -source floating_point_0.tcl


****** Vivado v2019.2 (64-bit)
  **** SW Build 2708876 on Wed Nov  6 21:40:23 MST 2019
  **** IP Build 2700528 on Thu Nov  7 00:09:20 MST 2019
    ** Copyright 1986-2019 Xilinx, Inc. All Rights Reserved.

source floating_point_0.tcl -notrace
Command: synth_design -top floating_point_0 -part xc7a75tfgg484-1 -mode out_of_context
Starting synth_design
Attempting to get a license for feature 'Synthesis' and/or device 'xc7a75t'
INFO: [Common 17-349] Got license for feature 'Synthesis' and/or device 'xc7a75t'
INFO: [Device 21-403] Loading part xc7a75tfgg484-1
INFO: Launching helper process for spawning children vivado processes
INFO: Helper process launched with PID 21268 
---------------------------------------------------------------------------------
Starting RTL Elaboration : Time (s): cpu = 00:00:04 ; elapsed = 00:00:04 . Memory (MB): peak = 859.730 ; gain = 234.836
---------------------------------------------------------------------------------
INFO: [Synth 8-638] synthesizing module 'floating_point_0' [d:/vivado2/max30102x3/prj/prj.srcs/sources_1/ip/floating_point_0/synth/floating_point_0.vhd:71]
	Parameter C_XDEVICEFAMILY bound to: artix7 - type: string 
	Parameter C_HAS_ADD bound to: 0 - type: integer 
	Parameter C_HAS_SUBTRACT bound to: 0 - type: integer 
	Parameter C_HAS_MULTIPLY bound to: 0 - type: integer 
	Parameter C_HAS_DIVIDE bound to: 0 - type: integer 
	Parameter C_HAS_SQRT bound to: 0 - type: integer 
	Parameter C_HAS_COMPARE bound to: 0 - type: integer 
	Parameter C_HAS_FIX_TO_FLT bound to: 0 - type: integer 
	Parameter C_HAS_FLT_TO_FIX bound to: 1 - type: integer 
	Parameter C_HAS_FLT_TO_FLT bound to: 0 - type: integer 
	Parameter C_HAS_RECIP bound to: 0 - type: integer 
	Parameter C_HAS_RECIP_SQRT bound to: 0 - type: integer 
	Parameter C_HAS_ABSOLUTE bound to: 0 - type: integer 
	Parameter C_HAS_LOGARITHM bound to: 0 - type: integer 
	Parameter C_HAS_EXPONENTIAL bound to: 0 - type: integer 
	Parameter C_HAS_FMA bound to: 0 - type: integer 
	Parameter C_HAS_FMS bound to: 0 - type: integer 
	Parameter C_HAS_UNFUSED_MULTIPLY_ADD bound to: 0 - type: integer 
	Parameter C_HAS_UNFUSED_MULTIPLY_SUB bound to: 0 - type: integer 
	Parameter C_HAS_UNFUSED_MULTIPLY_ACCUMULATOR_A bound to: 0 - type: integer 
	Parameter C_HAS_UNFUSED_MULTIPLY_ACCUMULATOR_S bound to: 0 - type: integer 
	Parameter C_HAS_ACCUMULATOR_A bound to: 0 - type: integer 
	Parameter C_HAS_ACCUMULATOR_S bound to: 0 - type: integer 
	Parameter C_HAS_ACCUMULATOR_PRIMITIVE_A bound to: 0 - type: integer 
	Parameter C_HAS_ACCUMULATOR_PRIMITIVE_S bound to: 0 - type: integer 
	Parameter C_A_WIDTH bound to: 32 - type: integer 
	Parameter C_A_FRACTION_WIDTH bound to: 24 - type: integer 
	Parameter C_B_WIDTH bound to: 32 - type: integer 
	Parameter C_B_FRACTION_WIDTH bound to: 24 - type: integer 
	Parameter C_C_WIDTH bound to: 32 - type: integer 
	Parameter C_C_FRACTION_WIDTH bound to: 24 - type: integer 
	Parameter C_RESULT_WIDTH bound to: 32 - type: integer 
	Parameter C_RESULT_FRACTION_WIDTH bound to: 0 - type: integer 
	Parameter C_COMPARE_OPERATION bound to: 8 - type: integer 
	Parameter C_LATENCY bound to: 7 - type: integer 
	Parameter C_OPTIMIZATION bound to: 1 - type: integer 
	Parameter C_MULT_USAGE bound to: 0 - type: integer 
	Parameter C_BRAM_USAGE bound to: 0 - type: integer 
	Parameter C_RATE bound to: 1 - type: integer 
	Parameter C_ACCUM_INPUT_MSB bound to: 32 - type: integer 
	Parameter C_ACCUM_MSB bound to: 32 - type: integer 
	Parameter C_ACCUM_LSB bound to: -31 - type: integer 
	Parameter C_HAS_UNDERFLOW bound to: 0 - type: integer 
	Parameter C_HAS_OVERFLOW bound to: 0 - type: integer 
	Parameter C_HAS_INVALID_OP bound to: 0 - type: integer 
	Parameter C_HAS_DIVIDE_BY_ZERO bound to: 0 - type: integer 
	Parameter C_HAS_ACCUM_OVERFLOW bound to: 0 - type: integer 
	Parameter C_HAS_ACCUM_INPUT_OVERFLOW bound to: 0 - type: integer 
	Parameter C_HAS_ACLKEN bound to: 0 - type: integer 
	Parameter C_HAS_ARESETN bound to: 0 - type: integer 
	Parameter C_THROTTLE_SCHEME bound to: 1 - type: integer 
	Parameter C_HAS_A_TUSER bound to: 0 - type: integer 
	Parameter C_HAS_A_TLAST bound to: 0 - type: integer 
	Parameter C_HAS_B bound to: 0 - type: integer 
	Parameter C_HAS_B_TUSER bound to: 0 - type: integer 
	Parameter C_HAS_B_TLAST bound to: 0 - type: integer 
	Parameter C_HAS_C bound to: 0 - type: integer 
	Parameter C_HAS_C_TUSER bound to: 0 - type: integer 
	Parameter C_HAS_C_TLAST bound to: 0 - type: integer 
	Parameter C_HAS_OPERATION bound to: 0 - type: integer 
	Parameter C_HAS_OPERATION_TUSER bound to: 0 - type: integer 
	Parameter C_HAS_OPERATION_TLAST bound to: 0 - type: integer 
	Parameter C_HAS_RESULT_TUSER bound to: 0 - type: integer 
	Parameter C_HAS_RESULT_TLAST bound to: 0 - type: integer 
	Parameter C_TLAST_RESOLUTION bound to: 0 - type: integer 
	Parameter C_A_TDATA_WIDTH bound to: 32 - type: integer 
	Parameter C_A_TUSER_WIDTH bound to: 1 - type: integer 
	Parameter C_B_TDATA_WIDTH bound to: 32 - type: integer 
	Parameter C_B_TUSER_WIDTH bound to: 1 - type: integer 
	Parameter C_C_TDATA_WIDTH bound to: 32 - type: integer 
	Parameter C_C_TUSER_WIDTH bound to: 1 - type: integer 
	Parameter C_OPERATION_TDATA_WIDTH bound to: 8 - type: integer 
	Parameter C_OPERATION_TUSER_WIDTH bound to: 1 - type: integer 
	Parameter C_RESULT_TDATA_WIDTH bound to: 32 - type: integer 
	Parameter C_RESULT_TUSER_WIDTH bound to: 1 - type: integer 
	Parameter C_FIXED_DATA_UNSIGNED bound to: 0 - type: integer 
INFO: [Synth 8-3491] module 'floating_point_v7_1_9' declared at 'd:/vivado2/max30102x3/prj/prj.srcs/sources_1/ip/floating_point_0/hdl/floating_point_v7_1_rfs.vhd:94207' bound to instance 'U0' of component 'floating_point_v7_1_9' [d:/vivado2/max30102x3/prj/prj.srcs/sources_1/ip/floating_point_0/synth/floating_point_0.vhd:206]
INFO: [Synth 8-256] done synthesizing module 'floating_point_0' (13#1) [d:/vivado2/max30102x3/prj/prj.srcs/sources_1/ip/floating_point_0/synth/floating_point_0.vhd:71]
WARNING: [Synth 8-3331] design xbip_pipe_v3_0_6_viv__parameterized5 has unconnected port CLK
WARNING: [Synth 8-3331] design xbip_pipe_v3_0_6_viv__parameterized5 has unconnected port CE
WARNING: [Synth 8-3331] design xbip_pipe_v3_0_6_viv__parameterized5 has unconnected port SCLR
WARNING: [Synth 8-3331] design xbip_pipe_v3_0_6_viv__parameterized5 has unconnected port SSET
WARNING: [Synth 8-3331] design xbip_pipe_v3_0_6_viv__parameterized5 has unconnected port SINIT
WARNING: [Synth 8-3331] design xbip_pipe_v3_0_6_viv__parameterized29 has unconnected port CLK
WARNING: [Synth 8-3331] design xbip_pipe_v3_0_6_viv__parameterized29 has unconnected port CE
WARNING: [Synth 8-3331] design xbip_pipe_v3_0_6_viv__parameterized29 has unconnected port SCLR
WARNING: [Synth 8-3331] design xbip_pipe_v3_0_6_viv__parameterized29 has unconnected port SSET
WARNING: [Synth 8-3331] design xbip_pipe_v3_0_6_viv__parameterized29 has unconnected port SINIT
WARNING: [Synth 8-3331] design xbip_pipe_v3_0_6_viv__parameterized1 has unconnected port SCLR
WARNING: [Synth 8-3331] design xbip_pipe_v3_0_6_viv__parameterized1 has unconnected port SSET
WARNING: [Synth 8-3331] design xbip_pipe_v3_0_6_viv__parameterized1 has unconnected port SINIT
WARNING: [Synth 8-3331] design xbip_pipe_v3_0_6_viv__parameterized27 has unconnected port SCLR
WARNING: [Synth 8-3331] design xbip_pipe_v3_0_6_viv__parameterized27 has unconnected port SSET
WARNING: [Synth 8-3331] design xbip_pipe_v3_0_6_viv__parameterized27 has unconnected port SINIT
WARNING: [Synth 8-3331] design xbip_pipe_v3_0_6_viv__parameterized35 has unconnected port SCLR
WARNING: [Synth 8-3331] design xbip_pipe_v3_0_6_viv__parameterized35 has unconnected port SSET
WARNING: [Synth 8-3331] design xbip_pipe_v3_0_6_viv__parameterized35 has unconnected port SINIT
WARNING: [Synth 8-3331] design xbip_pipe_v3_0_6_viv__parameterized33 has unconnected port CLK
WARNING: [Synth 8-3331] design xbip_pipe_v3_0_6_viv__parameterized33 has unconnected port CE
WARNING: [Synth 8-3331] design xbip_pipe_v3_0_6_viv__parameterized33 has unconnected port SCLR
WARNING: [Synth 8-3331] design xbip_pipe_v3_0_6_viv__parameterized33 has unconnected port SSET
WARNING: [Synth 8-3331] design xbip_pipe_v3_0_6_viv__parameterized33 has unconnected port SINIT
WARNING: [Synth 8-3331] design carry_chain__parameterized1 has unconnected port B[33]
WARNING: [Synth 8-3331] design xbip_pipe_v3_0_6_viv__parameterized31 has unconnected port SCLR
WARNING: [Synth 8-3331] design xbip_pipe_v3_0_6_viv__parameterized31 has unconnected port SSET
WARNING: [Synth 8-3331] design xbip_pipe_v3_0_6_viv__parameterized31 has unconnected port SINIT
WARNING: [Synth 8-3331] design xbip_pipe_v3_0_6_viv__parameterized25 has unconnected port SCLR
WARNING: [Synth 8-3331] design xbip_pipe_v3_0_6_viv__parameterized25 has unconnected port SSET
WARNING: [Synth 8-3331] design xbip_pipe_v3_0_6_viv__parameterized25 has unconnected port SINIT
WARNING: [Synth 8-3331] design xbip_pipe_v3_0_6_viv__parameterized23 has unconnected port SCLR
WARNING: [Synth 8-3331] design xbip_pipe_v3_0_6_viv__parameterized23 has unconnected port SSET
WARNING: [Synth 8-3331] design xbip_pipe_v3_0_6_viv__parameterized23 has unconnected port SINIT
WARNING: [Synth 8-3331] design xbip_pipe_v3_0_6_viv__parameterized19 has unconnected port CLK
WARNING: [Synth 8-3331] design xbip_pipe_v3_0_6_viv__parameterized19 has unconnected port CE
WARNING: [Synth 8-3331] design xbip_pipe_v3_0_6_viv__parameterized19 has unconnected port SCLR
WARNING: [Synth 8-3331] design xbip_pipe_v3_0_6_viv__parameterized19 has unconnected port SSET
WARNING: [Synth 8-3331] design xbip_pipe_v3_0_6_viv__parameterized19 has unconnected port SINIT
WARNING: [Synth 8-3331] design xbip_pipe_v3_0_6_viv__parameterized21 has unconnected port SCLR
WARNING: [Synth 8-3331] design xbip_pipe_v3_0_6_viv__parameterized21 has unconnected port SSET
WARNING: [Synth 8-3331] design xbip_pipe_v3_0_6_viv__parameterized21 has unconnected port SINIT
WARNING: [Synth 8-3331] design xbip_pipe_v3_0_6_viv__parameterized17 has unconnected port CLK
WARNING: [Synth 8-3331] design xbip_pipe_v3_0_6_viv__parameterized17 has unconnected port CE
WARNING: [Synth 8-3331] design xbip_pipe_v3_0_6_viv__parameterized17 has unconnected port SCLR
WARNING: [Synth 8-3331] design xbip_pipe_v3_0_6_viv__parameterized17 has unconnected port SSET
WARNING: [Synth 8-3331] design xbip_pipe_v3_0_6_viv__parameterized17 has unconnected port SINIT
WARNING: [Synth 8-3331] design zero_det_sel has unconnected port ZEROS_DET_IP[13]
WARNING: [Synth 8-3331] design zero_det_sel has unconnected port ZEROS_DET_IP[12]
WARNING: [Synth 8-3331] design zero_det_sel has unconnected port ZEROS_DET_IP[11]
WARNING: [Synth 8-3331] design zero_det_sel has unconnected port ZEROS_DET_IP[10]
WARNING: [Synth 8-3331] design zero_det_sel has unconnected port ZEROS_DET_IP[9]
WARNING: [Synth 8-3331] design zero_det_sel has unconnected port ZEROS_DET_IP[8]
WARNING: [Synth 8-3331] design zero_det_sel has unconnected port ZEROS_DET_IP[7]
WARNING: [Synth 8-3331] design zero_det_sel has unconnected port ZEROS_DET_IP[6]
WARNING: [Synth 8-3331] design zero_det_sel has unconnected port ZEROS_DET_IP[5]
WARNING: [Synth 8-3331] design zero_det_sel has unconnected port ZEROS_DET_IP[4]
WARNING: [Synth 8-3331] design zero_det_sel has unconnected port ZEROS_DET_IP[3]
WARNING: [Synth 8-3331] design zero_det_sel has unconnected port ZEROS_DET_IP[2]
WARNING: [Synth 8-3331] design zero_det_sel has unconnected port ZEROS_DET_IP[1]
WARNING: [Synth 8-3331] design zero_det_sel has unconnected port ZEROS_DET_IP[0]
WARNING: [Synth 8-3331] design xbip_pipe_v3_0_6_viv__parameterized15 has unconnected port SCLR
WARNING: [Synth 8-3331] design xbip_pipe_v3_0_6_viv__parameterized15 has unconnected port SSET
WARNING: [Synth 8-3331] design xbip_pipe_v3_0_6_viv__parameterized15 has unconnected port SINIT
WARNING: [Synth 8-3331] design xbip_pipe_v3_0_6_viv__parameterized13 has unconnected port SCLR
WARNING: [Synth 8-3331] design xbip_pipe_v3_0_6_viv__parameterized13 has unconnected port SSET
WARNING: [Synth 8-3331] design xbip_pipe_v3_0_6_viv__parameterized13 has unconnected port SINIT
WARNING: [Synth 8-3331] design xbip_pipe_v3_0_6_viv__parameterized11 has unconnected port SCLR
WARNING: [Synth 8-3331] design xbip_pipe_v3_0_6_viv__parameterized11 has unconnected port SSET
WARNING: [Synth 8-3331] design xbip_pipe_v3_0_6_viv__parameterized11 has unconnected port SINIT
WARNING: [Synth 8-3331] design xbip_pipe_v3_0_6_viv__parameterized9 has unconnected port SCLR
WARNING: [Synth 8-3331] design xbip_pipe_v3_0_6_viv__parameterized9 has unconnected port SSET
WARNING: [Synth 8-3331] design xbip_pipe_v3_0_6_viv__parameterized9 has unconnected port SINIT
WARNING: [Synth 8-3331] design xbip_pipe_v3_0_6_viv__parameterized7 has unconnected port CLK
WARNING: [Synth 8-3331] design xbip_pipe_v3_0_6_viv__parameterized7 has unconnected port CE
WARNING: [Synth 8-3331] design xbip_pipe_v3_0_6_viv__parameterized7 has unconnected port SCLR
WARNING: [Synth 8-3331] design xbip_pipe_v3_0_6_viv__parameterized7 has unconnected port SSET
WARNING: [Synth 8-3331] design xbip_pipe_v3_0_6_viv__parameterized7 has unconnected port SINIT
WARNING: [Synth 8-3331] design carry_chain has unconnected port CARRYS_OUT[2]
WARNING: [Synth 8-3331] design carry_chain has unconnected port CARRYS_OUT[1]
WARNING: [Synth 8-3331] design carry_chain has unconnected port CARRYS_OUT[0]
WARNING: [Synth 8-3331] design compare_eq_im has unconnected port CARRYS_OUT[0]
WARNING: [Synth 8-3331] design special_detect has unconnected port A[31]
WARNING: [Synth 8-3331] design xbip_pipe_v3_0_6_viv__parameterized3 has unconnected port SCLR
WARNING: [Synth 8-3331] design xbip_pipe_v3_0_6_viv__parameterized3 has unconnected port SSET
WARNING: [Synth 8-3331] design xbip_pipe_v3_0_6_viv__parameterized3 has unconnected port SINIT
WARNING: [Synth 8-3331] design xbip_pipe_v3_0_6_viv has unconnected port SCLR
WARNING: [Synth 8-3331] design xbip_pipe_v3_0_6_viv has unconnected port SSET
WARNING: [Synth 8-3331] design xbip_pipe_v3_0_6_viv has unconnected port SINIT
WARNING: [Synth 8-3331] design axi_slave_2to1 has unconnected port s_axis_a_tuser[0]
WARNING: [Synth 8-3331] design axi_slave_2to1 has unconnected port s_axis_a_tlast
WARNING: [Synth 8-3331] design axi_slave_2to1 has unconnected port s_axis_b_tuser[0]
WARNING: [Synth 8-3331] design axi_slave_2to1 has unconnected port s_axis_b_tlast
WARNING: [Synth 8-3331] design floating_point_v7_1_9_viv has unconnected port m_axis_result_tuser[0]
WARNING: [Synth 8-3331] design floating_point_v7_1_9_viv has unconnected port m_axis_result_tlast
WARNING: [Synth 8-3331] design floating_point_v7_1_9_viv has unconnected port aclken
WARNING: [Synth 8-3331] design floating_point_v7_1_9_viv has unconnected port aresetn
WARNING: [Synth 8-3331] design floating_point_v7_1_9_viv has unconnected port s_axis_b_tvalid
WARNING: [Synth 8-3331] design floating_point_v7_1_9_viv has unconnected port s_axis_b_tdata[31]
WARNING: [Synth 8-3331] design floating_point_v7_1_9_viv has unconnected port s_axis_b_tdata[30]
INFO: [Common 17-14] Message 'Synth 8-3331' appears 100 times and further instances of the messages will be disabled. Use the Tcl command set_msg_config to change the current settings.
---------------------------------------------------------------------------------
Finished RTL Elaboration : Time (s): cpu = 00:00:06 ; elapsed = 00:00:07 . Memory (MB): peak = 997.641 ; gain = 372.746
---------------------------------------------------------------------------------

Report Check Netlist: 
+------+------------------+-------+---------+-------+------------------+
|      |Item              |Errors |Warnings |Status |Description       |
+------+------------------+-------+---------+-------+------------------+
|1     |multi_driven_nets |      0|        0|Passed |Multi driven nets |
+------+------------------+-------+---------+-------+------------------+
---------------------------------------------------------------------------------
Start Handling Custom Attributes
---------------------------------------------------------------------------------
---------------------------------------------------------------------------------
Finished Handling Custom Attributes : Time (s): cpu = 00:00:06 ; elapsed = 00:00:07 . Memory (MB): peak = 997.641 ; gain = 372.746
---------------------------------------------------------------------------------
---------------------------------------------------------------------------------
Finished RTL Optimization Phase 1 : Time (s): cpu = 00:00:06 ; elapsed = 00:00:07 . Memory (MB): peak = 997.641 ; gain = 372.746
---------------------------------------------------------------------------------
Netlist sorting complete. Time (s): cpu = 00:00:00 ; elapsed = 00:00:00.014 . Memory (MB): peak = 997.641 ; gain = 0.000
INFO: [Netlist 29-17] Analyzing 87 Unisim elements for replacement
INFO: [Netlist 29-28] Unisim Transformation completed in 0 CPU seconds
INFO: [Project 1-570] Preparing netlist for logic optimization

Processing XDC Constraints
Initializing timing engine
Parsing XDC File [d:/vivado2/max30102x3/prj/prj.srcs/sources_1/ip/floating_point_0/floating_point_0_ooc.xdc] for cell 'U0'
Finished Parsing XDC File [d:/vivado2/max30102x3/prj/prj.srcs/sources_1/ip/floating_point_0/floating_point_0_ooc.xdc] for cell 'U0'
Parsing XDC File [D:/vivado2/max30102x3/prj/prj.runs/floating_point_0_synth_1/dont_touch.xdc]
Finished Parsing XDC File [D:/vivado2/max30102x3/prj/prj.runs/floating_point_0_synth_1/dont_touch.xdc]
Completed Processing XDC Constraints

Netlist sorting complete. Time (s): cpu = 00:00:00 ; elapsed = 00:00:00 . Memory (MB): peak = 1034.398 ; gain = 0.000
INFO: [Project 1-111] Unisim Transformation Summary:
  A total of 7 instances were transformed.
  FDE => FDRE: 7 instances

Constraint Validation Runtime : Time (s): cpu = 00:00:00 ; elapsed = 00:00:00.032 . Memory (MB): peak = 1046.348 ; gain = 11.949
---------------------------------------------------------------------------------
Finished Constraint Validation : Time (s): cpu = 00:00:09 ; elapsed = 00:00:11 . Memory (MB): peak = 1046.348 ; gain = 421.453
---------------------------------------------------------------------------------
---------------------------------------------------------------------------------
Start Loading Part and Timing Information
---------------------------------------------------------------------------------
Loading part: xc7a75tfgg484-1
---------------------------------------------------------------------------------
Finished Loading Part and Timing Information : Time (s): cpu = 00:00:09 ; elapsed = 00:00:11 . Memory (MB): peak = 1046.348 ; gain = 421.453
---------------------------------------------------------------------------------
---------------------------------------------------------------------------------
Start Applying 'set_property' XDC Constraints
---------------------------------------------------------------------------------
Applied set_property DONT_TOUCH = true for U0. (constraint file  D:/vivado2/max30102x3/prj/prj.runs/floating_point_0_synth_1/dont_touch.xdc, line 9).
---------------------------------------------------------------------------------
Finished applying 'set_property' XDC Constraints : Time (s): cpu = 00:00:09 ; elapsed = 00:00:11 . Memory (MB): peak = 1046.348 ; gain = 421.453
---------------------------------------------------------------------------------
---------------------------------------------------------------------------------
Finished RTL Optimization Phase 2 : Time (s): cpu = 00:00:10 ; elapsed = 00:00:12 . Memory (MB): peak = 1046.348 ; gain = 421.453
---------------------------------------------------------------------------------
INFO: [Synth 8-223] decloning instance 'U0/i_synth/DELAY_DIVIDE_BY_ZERO' (delay__parameterized13) to 'U0/i_synth/DELAY_ACCUM_OVERFLOW'
INFO: [Synth 8-223] decloning instance 'U0/i_synth/DELAY_DIVIDE_BY_ZERO' (delay__parameterized13) to 'U0/i_synth/DELAY_ACCUM_INPUT_OVERFLOW'

Report RTL Partitions: 
+-+--------------+------------+----------+
| |RTL Partition |Replication |Instances |
+-+--------------+------------+----------+
+-+--------------+------------+----------+
---------------------------------------------------------------------------------
Start RTL Component Statistics 
---------------------------------------------------------------------------------
---------------------------------------------------------------------------------
Finished RTL Component Statistics 
---------------------------------------------------------------------------------
---------------------------------------------------------------------------------
Start RTL Hierarchical Component Statistics 
---------------------------------------------------------------------------------
---------------------------------------------------------------------------------
Finished RTL Hierarchical Component Statistics
---------------------------------------------------------------------------------
---------------------------------------------------------------------------------
Start Part Resource Summary
---------------------------------------------------------------------------------
Part Resources:
DSPs: 180 (col length:80)
BRAMs: 210 (col length: RAMB18 80 RAMB36 40)
---------------------------------------------------------------------------------
Finished Part Resource Summary
---------------------------------------------------------------------------------
---------------------------------------------------------------------------------
Start Cross Boundary and Area Optimization
---------------------------------------------------------------------------------
Warning: Parallel synthesis criteria is not met 
INFO: [Synth 8-3886] merging instance 'U0/i_synth/FLT_TO_FIX_OP.SPD.OP/ZERO_DET_DIST_DEL/DEL/i_pipe/opt_has_pipe.first_q_reg[1]' (FDE) to 'U0/i_synth/FLT_TO_FIX_OP.SPD.OP/ALIGN_DIST_DEL/DEL/i_pipe/opt_has_pipe.first_q_reg[1]'
INFO: [Synth 8-3886] merging instance 'U0/i_synth/FLT_TO_FIX_OP.SPD.OP/ZERO_DET_DIST_DEL/DEL/i_pipe/opt_has_pipe.first_q_reg[0]' (FDE) to 'U0/i_synth/FLT_TO_FIX_OP.SPD.OP/ALIGN_DIST_DEL/DEL/i_pipe/opt_has_pipe.first_q_reg[0]'
INFO: [Synth 8-3886] merging instance 'U0/i_synth/FLT_TO_FIX_OP.SPD.OP/ALIGN_Z_D/MUX_LOOP[0].DEL_Z_D/i_pipe/opt_has_pipe.first_q_reg[6]' (FDE) to 'U0/i_synth/FLT_TO_FIX_OP.SPD.OP/ALIGN_Z_D/MUX_LOOP[1].DEL_Z_D/i_pipe/opt_has_pipe.first_q_reg[2]'
INFO: [Synth 8-3886] merging instance 'U0/i_synth/FLT_TO_FIX_OP.SPD.OP/ALIGN_Z_D/MUX_LOOP[0].DEL_Z_D/i_pipe/opt_has_pipe.first_q_reg[7]' (FDE) to 'U0/i_synth/FLT_TO_FIX_OP.SPD.OP/ALIGN_Z_D/MUX_LOOP[1].DEL_Z_D/i_pipe/opt_has_pipe.first_q_reg[2]'
INFO: [Synth 8-3886] merging instance 'U0/i_synth/FLT_TO_FIX_OP.SPD.OP/ALIGN_Z_D/MUX_LOOP[1].DEL_Z_D/i_pipe/opt_has_pipe.first_q_reg[3]' (FDE) to 'U0/i_synth/FLT_TO_FIX_OP.SPD.OP/ALIGN_Z_D/MUX_LOOP[1].DEL_Z_D/i_pipe/opt_has_pipe.first_q_reg[2]'
INFO: [Synth 8-3332] Sequential element (FLT_TO_FIX_OP.SPD.OP/COND_DET/MANT_CARRY.MANT_ALL_ZERO_DET/CARRY_ZERO_DET/CHAIN_GEN[3].CARRYS_DEL.NEED_DEL.CARRYS_FD) is unused and will be removed from module floating_point_v7_1_9_viv.
INFO: [Synth 8-3886] merging instance 'U0/i_synth/FLT_TO_FIX_OP.SPD.OP/ZERO_DET_DIST_DEL/DEL/i_pipe/opt_has_pipe.first_q_reg[2]' (FDE) to 'U0/i_synth/FLT_TO_FIX_OP.SPD.OP/ALIGN_DIST_DEL/DEL/i_pipe/opt_has_pipe.first_q_reg[2]'
INFO: [Synth 8-3886] merging instance 'U0/i_synth/FLT_TO_FIX_OP.SPD.OP/ALIGN_Z_D/MUX_LOOP[1].SKEW_DIST_DEL.DEL_DIST/i_pipe/opt_has_pipe.first_q_reg[0]' (FDE) to 'U0/i_synth/FLT_TO_FIX_OP.SPD.OP/ALIGN_SHIFT/MUX_LOOP[1].SKEW_DIST_DEL.DEL_DIST/i_pipe/opt_has_pipe.first_q_reg[0]'
---------------------------------------------------------------------------------
Finished Cross Boundary and Area Optimization : Time (s): cpu = 00:00:11 ; elapsed = 00:00:13 . Memory (MB): peak = 1046.348 ; gain = 421.453
---------------------------------------------------------------------------------

Report RTL Partitions: 
+-+--------------+------------+----------+
| |RTL Partition |Replication |Instances |
+-+--------------+------------+----------+
+-+--------------+------------+----------+
---------------------------------------------------------------------------------
Start Applying XDC Timing Constraints
---------------------------------------------------------------------------------
---------------------------------------------------------------------------------
Finished Applying XDC Timing Constraints : Time (s): cpu = 00:00:14 ; elapsed = 00:00:16 . Memory (MB): peak = 1046.348 ; gain = 421.453
---------------------------------------------------------------------------------
---------------------------------------------------------------------------------
Start Timing Optimization
---------------------------------------------------------------------------------
---------------------------------------------------------------------------------
Finished Timing Optimization : Time (s): cpu = 00:00:14 ; elapsed = 00:00:16 . Memory (MB): peak = 1046.348 ; gain = 421.453
---------------------------------------------------------------------------------

Report RTL Partitions: 
+-+--------------+------------+----------+
| |RTL Partition |Replication |Instances |
+-+--------------+------------+----------+
+-+--------------+------------+----------+
---------------------------------------------------------------------------------
Start Technology Mapping
---------------------------------------------------------------------------------
---------------------------------------------------------------------------------
Finished Technology Mapping : Time (s): cpu = 00:00:14 ; elapsed = 00:00:16 . Memory (MB): peak = 1046.348 ; gain = 421.453
---------------------------------------------------------------------------------

Report RTL Partitions: 
+-+--------------+------------+----------+
| |RTL Partition |Replication |Instances |
+-+--------------+------------+----------+
+-+--------------+------------+----------+
---------------------------------------------------------------------------------
Start IO Insertion
---------------------------------------------------------------------------------
---------------------------------------------------------------------------------
Start Flattening Before IO Insertion
---------------------------------------------------------------------------------
---------------------------------------------------------------------------------
Finished Flattening Before IO Insertion
---------------------------------------------------------------------------------
---------------------------------------------------------------------------------
Start Final Netlist Cleanup
---------------------------------------------------------------------------------
---------------------------------------------------------------------------------
Finished Final Netlist Cleanup
---------------------------------------------------------------------------------
---------------------------------------------------------------------------------
Finished IO Insertion : Time (s): cpu = 00:00:16 ; elapsed = 00:00:18 . Memory (MB): peak = 1046.348 ; gain = 421.453
---------------------------------------------------------------------------------
---------------------------------------------------------------------------------
Start Renaming Generated Instances
---------------------------------------------------------------------------------
---------------------------------------------------------------------------------
Finished Renaming Generated Instances : Time (s): cpu = 00:00:16 ; elapsed = 00:00:18 . Memory (MB): peak = 1046.348 ; gain = 421.453
---------------------------------------------------------------------------------

Report RTL Partitions: 
+-+--------------+------------+----------+
| |RTL Partition |Replication |Instances |
+-+--------------+------------+----------+
+-+--------------+------------+----------+

Report Check Netlist: 
+------+------------------+-------+---------+-------+------------------+
|      |Item              |Errors |Warnings |Status |Description       |
+------+------------------+-------+---------+-------+------------------+
|1     |multi_driven_nets |      0|        0|Passed |Multi driven nets |
+------+------------------+-------+---------+-------+------------------+
---------------------------------------------------------------------------------
Start Rebuilding User Hierarchy
---------------------------------------------------------------------------------
---------------------------------------------------------------------------------
Finished Rebuilding User Hierarchy : Time (s): cpu = 00:00:16 ; elapsed = 00:00:18 . Memory (MB): peak = 1046.348 ; gain = 421.453
---------------------------------------------------------------------------------
---------------------------------------------------------------------------------
Start Renaming Generated Ports
---------------------------------------------------------------------------------
---------------------------------------------------------------------------------
Finished Renaming Generated Ports : Time (s): cpu = 00:00:16 ; elapsed = 00:00:18 . Memory (MB): peak = 1046.348 ; gain = 421.453
---------------------------------------------------------------------------------
---------------------------------------------------------------------------------
Start Handling Custom Attributes
---------------------------------------------------------------------------------
---------------------------------------------------------------------------------
Finished Handling Custom Attributes : Time (s): cpu = 00:00:16 ; elapsed = 00:00:18 . Memory (MB): peak = 1046.348 ; gain = 421.453
---------------------------------------------------------------------------------
---------------------------------------------------------------------------------
Start Renaming Generated Nets
---------------------------------------------------------------------------------
---------------------------------------------------------------------------------
Finished Renaming Generated Nets : Time (s): cpu = 00:00:16 ; elapsed = 00:00:18 . Memory (MB): peak = 1046.348 ; gain = 421.453
---------------------------------------------------------------------------------
---------------------------------------------------------------------------------
Start Writing Synthesis Report
---------------------------------------------------------------------------------

Report BlackBoxes: 
+-+--------------+----------+
| |BlackBox name |Instances |
+-+--------------+----------+
+-+--------------+----------+

Report Cell Usage: 
+------+-------+------+
|      |Cell   |Count |
+------+-------+------+
|1     |LUT1   |     2|
|2     |LUT2   |    37|
|3     |LUT3   |    49|
|4     |LUT4   |    21|
|5     |LUT5   |    50|
|6     |LUT6   |    64|
|7     |MUXCY  |    38|
|8     |MUXF7  |     2|
|9     |MUXF8  |     1|
|10    |SRL16E |     5|
|11    |XORCY  |    32|
|12    |FDE    |     6|
|13    |FDRE   |   297|
+------+-------+------+
---------------------------------------------------------------------------------
Finished Writing Synthesis Report : Time (s): cpu = 00:00:16 ; elapsed = 00:00:18 . Memory (MB): peak = 1046.348 ; gain = 421.453
---------------------------------------------------------------------------------
Synthesis finished with 0 errors, 0 critical warnings and 85 warnings.
Synthesis Optimization Runtime : Time (s): cpu = 00:00:09 ; elapsed = 00:00:17 . Memory (MB): peak = 1046.348 ; gain = 372.746
Synthesis Optimization Complete : Time (s): cpu = 00:00:16 ; elapsed = 00:00:19 . Memory (MB): peak = 1046.348 ; gain = 421.453
INFO: [Project 1-571] Translating synthesized netlist
Netlist sorting complete. Time (s): cpu = 00:00:00 ; elapsed = 00:00:00.007 . Memory (MB): peak = 1046.348 ; gain = 0.000
INFO: [Netlist 29-17] Analyzing 79 Unisim elements for replacement
INFO: [Netlist 29-28] Unisim Transformation completed in 0 CPU seconds
INFO: [Project 1-570] Preparing netlist for logic optimization
INFO: [Opt 31-138] Pushed 0 inverter(s) to 0 load pin(s).
Netlist sorting complete. Time (s): cpu = 00:00:00 ; elapsed = 00:00:00 . Memory (MB): peak = 1058.367 ; gain = 0.000
INFO: [Project 1-111] Unisim Transformation Summary:
  A total of 17 instances were transformed.
  (MUXCY,XORCY) => CARRY4: 11 instances
  FDE => FDRE: 6 instances

INFO: [Common 17-83] Releasing license: Synthesis
27 Infos, 100 Warnings, 0 Critical Warnings and 0 Errors encountered.
synth_design completed successfully
synth_design: Time (s): cpu = 00:00:19 ; elapsed = 00:00:23 . Memory (MB): peak = 1058.367 ; gain = 725.594
Netlist sorting complete. Time (s): cpu = 00:00:00 ; elapsed = 00:00:00 . Memory (MB): peak = 1058.367 ; gain = 0.000
WARNING: [Constraints 18-5210] No constraints selected for write.
Resolution: This message can indicate that there are no constraints for the design, or it can indicate that the used_in flags are set such that the constraints are ignored. This later case is used when running synth_design to not write synthesis constraints to the resulting checkpoint. Instead, project constraints are read when the synthesized design is opened.
INFO: [Common 17-1381] The checkpoint 'D:/vivado2/max30102x3/prj/prj.runs/floating_point_0_synth_1/floating_point_0.dcp' has been generated.
WARNING: [Common 17-576] 'use_project_ipc' is deprecated. This option is deprecated and no longer used.
INFO: [Coretcl 2-1648] Added synthesis output to IP cache for IP floating_point_0, cache-ID = 4545d1078cfee4ef
INFO: [Coretcl 2-1174] Renamed 61 cell refs.
Netlist sorting complete. Time (s): cpu = 00:00:00 ; elapsed = 00:00:00 . Memory (MB): peak = 1058.367 ; gain = 0.000
WARNING: [Constraints 18-5210] No constraints selected for write.
Resolution: This message can indicate that there are no constraints for the design, or it can indicate that the used_in flags are set such that the constraints are ignored. This later case is used when running synth_design to not write synthesis constraints to the resulting checkpoint. Instead, project constraints are read when the synthesized design is opened.
INFO: [Common 17-1381] The checkpoint 'D:/vivado2/max30102x3/prj/prj.runs/floating_point_0_synth_1/floating_point_0.dcp' has been generated.
INFO: [runtcl-4] Executing : report_utilization -file floating_point_0_utilization_synth.rpt -pb floating_point_0_utilization_synth.pb
INFO: [Common 17-206] Exiting Vivado at Tue Jan  6 21:11:55 2026...
