#-----------------------------------------------------------
# Vivado v2018.3 (64-bit)
# SW Build 2405991 on Thu Dec  6 23:38:27 MST 2018
# IP Build 2404404 on Fri Dec  7 01:43:56 MST 2018
# Start of session at: Tue Jan  6 21:01:17 2026
# Process ID: 42804
# Current directory: C:/Users/lish/Desktop/300/max30102x3/prj
# Command line: vivado.exe -gui_launcher_event rodinguilauncherevent43224 C:\Users\lish\Desktop\300\max30102x3\prj\prj.xpr
# Log file: C:/Users/lish/Desktop/300/max30102x3/prj/vivado.log
# Journal file: C:/Users/lish/Desktop/300/max30102x3/prj\vivado.jou
#-----------------------------------------------------------
start_gui
open_project C:/Users/lish/Desktop/300/max30102x3/prj/prj.xpr
Scanning sources...
Finished scanning sources
INFO: [IP_Flow 19-234] Refreshing IP repositories
INFO: [IP_Flow 19-1704] No user IP repositories specified
INFO: [IP_Flow 19-2313] Loaded Vivado IP repository 'B:/work/vivado/Vivado/2018.3/data/ip'.
open_project: Time (s): cpu = 00:00:10 ; elapsed = 00:00:05 . Memory (MB): peak = 873.027 ; gain = 228.863
update_compile_order -fileset sources_1
reset_run synth_1
WARNING: [Vivado 12-1017] Problems encountered:
1. Failed to delete one or more files in run directory C:/Users/lish/Desktop/300/max30102x3/prj/prj.runs/synth_1

launch_runs impl_1 -to_step write_bitstream -jobs 16
INFO: [Vivado 12-4149] The synthesis checkpoint for IP 'C:/Users/lish/Desktop/300/max30102x3/prj/prj.srcs/sources_1/ip/ila_0/ila_0.xci' is already up-to-date
INFO: [Vivado 12-4149] The synthesis checkpoint for IP 'C:/Users/lish/Desktop/300/max30102x3/prj/prj.srcs/sources_1/ip/floating_point_0/floating_point_0.xci' is already up-to-date
INFO: [Vivado 12-4149] The synthesis checkpoint for IP 'C:/Users/lish/Desktop/300/max30102x3/prj/prj.srcs/sources_1/ip/floating_add/floating_add.xci' is already up-to-date
INFO: [Vivado 12-4149] The synthesis checkpoint for IP 'C:/Users/lish/Desktop/300/max30102x3/prj/prj.srcs/sources_1/ip/floating_mult/floating_mult.xci' is already up-to-date
INFO: [Vivado 12-4149] The synthesis checkpoint for IP 'C:/Users/lish/Desktop/300/max30102x3/prj/prj.srcs/sources_1/ip/floating_div/floating_div.xci' is already up-to-date
INFO: [Vivado 12-4149] The synthesis checkpoint for IP 'C:/Users/lish/Desktop/300/max30102x3/prj/prj.srcs/sources_1/ip/float_tf/float_tf.xci' is already up-to-date
INFO: [Vivado 12-4149] The synthesis checkpoint for IP 'C:/Users/lish/Desktop/300/max30102x3/prj/prj.srcs/sources_1/ip/sum/sum.xci' is already up-to-date
[Tue Jan  6 21:02:54 2026] Launched synth_1...
Run output will be captured here: C:/Users/lish/Desktop/300/max30102x3/prj/prj.runs/synth_1/runme.log
[Tue Jan  6 21:02:54 2026] Launched impl_1...
Run output will be captured here: C:/Users/lish/Desktop/300/max30102x3/prj/prj.runs/impl_1/runme.log
exit
INFO: [Common 17-206] Exiting Vivado at Tue Jan  6 21:06:07 2026...
