#-----------------------------------------------------------
# Vivado v2019.2 (64-bit)
# SW Build 2708876 on Wed Nov  6 21:40:23 MST 2019
# IP Build 2700528 on Thu Nov  7 00:09:20 MST 2019
# Start of session at: Wed Jan  7 09:27:44 2026
# Process ID: 17056
# Current directory: D:/vivado2/max30102x3/prj
# Command line: vivado.exe -gui_launcher_event rodinguilauncherevent19148 D:\vivado2\max30102x3\prj\prj.xpr
# Log file: D:/vivado2/max30102x3/prj/vivado.log
# Journal file: D:/vivado2/max30102x3/prj\vivado.jou
#-----------------------------------------------------------
start_guioopen_project D:/vivado2/max30102x3/prj/prj.xpr
Scanning sources...
Finished scanning sources
INFO: [IP_Flow 19-234] Refreshing IP repositories
INFO: [IP_Flow 19-1704] No user IP repositories specified
INFO: [IP_Flow 19-2313] Loaded Vivado IP repository 'D:/vivado2/Vivado/2019.2/data/ip'.oexit
INFO: [Common 17-206] Exiting Vivado at Wed Jan  7 09:28:01 2026...
 peak = 876.180 ; gain = 187.391
update_compile_order -fileset sources_1
open_hw_manager
connect_hw_server -allow_non_jtag
INFO: [Labtools 27-2285] Connecting to hw_server url TCP:localhost:3121
INFO: [Labtools 27-2222] Launching hw_server...
INFO: [Labtools 27-2221] Launch Output:

****** Xilinx hw_server v2019.2
  **** Build date : Nov  6 2019 at 22:12:23
    ** Copyright 1986-2019 Xilinx, Inc. All Rights Reserved.


INFO: [Labtools 27-3415] Connecting to cs_server url TCP:localhost:3042
INFO: [Labtools 27-3417] Launching cs_server...
INFO: [Labtools 27-2221] Launch Output:


****** Xilinx cs_server v2019.2.0
  **** Build date : Nov 07 2019-13:28:22
    ** Copyright 2017-2019 Xilinx, Inc. All Rights Reserved.



connect_hw_server: Time (s): cpu = 00:00:00 ; elapsed = 00:00:08 . Memory (MB): peak = 1278.824 ; gain = 0.000
open_hw_target
INFO: [Labtoolstcl 44-466] Opening hw_target localhost:3121/xilinx_tcf/Xilinx/1234-tulA
set_property PROGRAM.FILE {D:/vivado2/max30102x3/prj/prj.runs/impl_1/top.bit} [get_hw_devices xc7a75t_0]
set_property PROBES.FILE {D:/vivado2/max30102x3/prj/prj.runs/impl_1/top.ltx} [get_hw_devices xc7a75t_0]
set_property FULL_PROBES.FILE {D:/vivado2/max30102x3/prj/prj.runs/impl_1/top.ltx} [get_hw_devices xc7a75t_0]
current_hw_device [get_hw_devices xc7a75t_0]
refresh_hw_device [lindex [get_hw_devices xc7a75t_0] 0]
INFO: [Labtools 27-1434] Device xc7a75t (JTAG device index = 0) is programmed with a design that has no supported debug core(s) in it.
WARNING: [Labtools 27-3361] The debug hub core was not detected.
Resolution: 
1. Make sure the clock connected to the debug hub (dbg_hub) core is a free running clock and is active.
2. Make sure the BSCAN_SWITCH_USER_MASK device property in Vivado Hardware Manager reflects the user scan chain setting in the design and refresh the device.  To determine the user scan chain setting in the design, open the implemented design and use 'get_property C_USER_SCAN_CHAIN [get_debug_cores dbg_hub]'.
For more details on setting the scan chain property, consult the Vivado Debug and Programming User Guide (UG908).
WARNING: [Labtools 27-3413] Dropping logic core with cellname:'xxana_show/your_instance_name' at location 'uuid_117C2CED485C5D8DAF7926850181333F' from probes file, since it cannot be found on the programmed device.
set_property PROBES.FILE {D:/vivado2/max30102x3/prj/prj.runs/impl_1/top.ltx} [get_hw_devices xc7a75t_0]
set_property FULL_PROBES.FILE {D:/vivado2/max30102x3/prj/prj.runs/impl_1/top.ltx} [get_hw_devices xc7a75t_0]
set_property PROGRAM.FILE {D:/vivado2/max30102x3/prj/prj.runs/impl_1/top.bit} [get_hw_devices xc7a75t_0]
program_hw_devices [get_hw_devices xc7a75t_0]
INFO: [Labtools 27-3164] End of startup status: HIGH
refresh_hw_device [lindex [get_hw_devices xc7a75t_0] 0]
INFO: [Labtools 27-2302] Device xc7a75t (JTAG device index = 0) is programmed with a design that has 1 ILA core(s).
display_hw_ila_data [ get_hw_ila_data hw_ila_data_1 -of_objects [get_hw_ilas -of_objects [get_hw_devices xc7a75t_0] -filter {CELL_NAME=~"xxana_show/your_instance_name"}]]
run_hw_ila [get_hw_ilas -of_objects [get_hw_devices xc7a75t_0] -filter {CELL_NAME=~"xxana_show/your_instance_name"}]
INFO: [Labtools 27-1964] The ILA core 'hw_ila_1' trigger was armed at 2026-Jan-07 10:46:22
wait_on_hw_ila [get_hw_ilas -of_objects [get_hw_devices xc7a75t_0] -filter {CELL_NAME=~"xxana_show/your_instance_name"}]
display_hw_ila_data [upload_hw_ila_data [get_hw_ilas -of_objects [get_hw_devices xc7a75t_0] -filter {CELL_NAME=~"xxana_show/your_instance_name"}]]
INFO: [Labtools 27-2214] The ILA core 'hw_ila_1' triggered in the last of '128' windows, at 2026-Jan-07 10:46:22.
INFO: [Labtools 27-3304] ILA Waveform data saved to file D:/vivado2/max30102x3/prj/prj.hw/backup/hw_ila_data_1.ila. Use Tcl command 'read_hw_ila_data' or Vivado File->Import->Import ILA Data menu item to import the previously saved data.
run_hw_ila [get_hw_ilas -of_objects [get_hw_devices xc7a75t_0] -filter {CELL_NAME=~"xxana_show/your_instance_name"}]
INFO: [Labtools 27-1964] The ILA core 'hw_ila_1' trigger was armed at 2026-Jan-07 10:46:25
wait_on_hw_ila [get_hw_ilas -of_objects [get_hw_devices xc7a75t_0] -filter {CELL_NAME=~"xxana_show/your_instance_name"}]
display_hw_ila_data [upload_hw_ila_data [get_hw_ilas -of_objects [get_hw_devices xc7a75t_0] -filter {CELL_NAME=~"xxana_show/your_instance_name"}]]
INFO: [Labtools 27-2214] The ILA core 'hw_ila_1' triggered in the last of '128' windows, at 2026-Jan-07 10:46:25.
INFO: [Labtools 27-3304] ILA Waveform data saved to file D:/vivado2/max30102x3/prj/prj.hw/backup/hw_ila_data_1.ila. Use Tcl command 'read_hw_ila_data' or Vivado File->Import->Import ILA Data menu item to import the previously saved data.
save_wave_config {D:/vivado2/max30102x3/prj/prj.hw/hw_1/wave/hw_ila_data_1/hw_ila_data_1.wcfg}
exit
INFO: [Common 17-206] Exiting Vivado at Wed Jan  7 10:56:39 2026...
