#-----------------------------------------------------------
# Vivado v2019.2 (64-bit)
# SW Build 2708876 on Wed Nov  6 21:40:23 MST 2019
# IP Build 2700528 on Thu Nov  7 00:09:20 MST 2019
# Start of session at: Tue Jan  6 21:09:27 2026
# Process ID: 14392
# Current directory: D:/vivado2/max30102x3/prj
# Command line: vivado.exe -gui_launcher_event rodinguilauncherevent7140 D:\vivado2\max30102x3\prj\prj.xpr
# Log file: D:/vivado2/max30102x3/prj/vivado.log
# Journal file: D:/vivado2/max30102x3/prj\vivado.jou
#-----------------------------------------------------------
start_gui
open_project D:/vivado2/max30102x3/prj/prj.xpr
INFO: [Project 1-313] Project file moved from 'C:/Users/lish/Desktop/300/max30102x3/prj' since last save.
Scanning sources...
Finished scanning sources
INFO: [IP_Flow 19-234] Refreshing IP repositories
INFO: [IP_Flow 19-1704] No user IP repositories specified
INFO: [IP_Flow 19-2313] Loaded Vivado IP repository 'D:/vivado2/Vivado/2019.2/data/ip'.
WARNING: [IP_Flow 19-2162] IP 'ila_0' is locked:
* IP definition 'ILA (Integrated Logic Analyzer) (6.2)' for IP 'ila_0' (customized with software release 2018.3) has a different revision in the IP Catalog.
WARNING: [IP_Flow 19-2162] IP 'floating_point_0' is locked:
* IP definition 'Floating-point (7.1)' for IP 'floating_point_0' (customized with software release 2018.3) has a different revision in the IP Catalog.
WARNING: [IP_Flow 19-2162] IP 'floating_add' is locked:
* IP definition 'Floating-point (7.1)' for IP 'floating_add' (customized with software release 2018.3) has a different revision in the IP Catalog.
WARNING: [IP_Flow 19-2162] IP 'floating_mult' is locked:
* IP definition 'Floating-point (7.1)' for IP 'floating_mult' (customized with software release 2018.3) has a different revision in the IP Catalog.
WARNING: [IP_Flow 19-2162] IP 'floating_div' is locked:
* IP definition 'Floating-point (7.1)' for IP 'floating_div' (customized with software release 2018.3) has a different revision in the IP Catalog.
WARNING: [IP_Flow 19-2162] IP 'float_tf' is locked:
* IP definition 'Floating-point (7.1)' for IP 'float_tf' (customized with software release 2018.3) has a different revision in the IP Catalog.
WARNING: [IP_Flow 19-2162] IP 'sum' is locked:
* IP definition 'FIR Compiler (7.2)' for IP 'sum' (customized with software release 2018.3) has a different revision in the IP Catalog.
WARNING: [IP_Flow 19-2162] IP 'div' is locked:
* IP definition 'Divider Generator (5.1)' for IP 'div' (customized with software release 2018.3) has a different revision in the IP Catalog.
WARNING: [IP_Flow 19-2162] IP 'mult_xx' is locked:
* IP definition 'Multiplier (12.0)' for IP 'mult_xx' (customized with software release 2018.3) has a different revision in the IP Catalog.
INFO: [Project 1-230] Project 'prj.xpr' upgraded for this version of Vivado.
report_ip_status -name ip_status 
update_compile_order -fileset sources_1
set_property part xc7a75tfgg484-1 [current_project]
WARNING: [IP_Flow 19-2162] IP 'ila_0' is locked:
* IP definition 'ILA (Integrated Logic Analyzer) (6.2)' for IP 'ila_0' (customized with software release 2018.3) has a different revision in the IP Catalog. * Current project part 'xc7a75tfgg484-1' and the part 'xc7a75tfgg484-2' used to customize the IP 'ila_0' do not match.
WARNING: [IP_Flow 19-2162] IP 'floating_point_0' is locked:
* IP definition 'Floating-point (7.1)' for IP 'floating_point_0' (customized with software release 2018.3) has a different revision in the IP Catalog. * Current project part 'xc7a75tfgg484-1' and the part 'xc7a75tfgg484-2' used to customize the IP 'floating_point_0' do not match.
WARNING: [IP_Flow 19-2162] IP 'floating_add' is locked:
* IP definition 'Floating-point (7.1)' for IP 'floating_add' (customized with software release 2018.3) has a different revision in the IP Catalog. * Current project part 'xc7a75tfgg484-1' and the part 'xc7a75tfgg484-2' used to customize the IP 'floating_add' do not match.
WARNING: [IP_Flow 19-2162] IP 'floating_mult' is locked:
* IP definition 'Floating-point (7.1)' for IP 'floating_mult' (customized with software release 2018.3) has a different revision in the IP Catalog. * Current project part 'xc7a75tfgg484-1' and the part 'xc7a75tfgg484-2' used to customize the IP 'floating_mult' do not match.
WARNING: [IP_Flow 19-2162] IP 'floating_div' is locked:
* IP definition 'Floating-point (7.1)' for IP 'floating_div' (customized with software release 2018.3) has a different revision in the IP Catalog. * Current project part 'xc7a75tfgg484-1' and the part 'xc7a75tfgg484-2' used to customize the IP 'floating_div' do not match.
WARNING: [IP_Flow 19-2162] IP 'float_tf' is locked:
* IP definition 'Floating-point (7.1)' for IP 'float_tf' (customized with software release 2018.3) has a different revision in the IP Catalog. * Current project part 'xc7a75tfgg484-1' and the part 'xc7a75tfgg484-2' used to customize the IP 'float_tf' do not match.
WARNING: [IP_Flow 19-2162] IP 'sum' is locked:
* IP definition 'FIR Compiler (7.2)' for IP 'sum' (customized with software release 2018.3) has a different revision in the IP Catalog. * Current project part 'xc7a75tfgg484-1' and the part 'xc7a75tfgg484-2' used to customize the IP 'sum' do not match.
WARNING: [IP_Flow 19-2162] IP 'div' is locked:
* IP definition 'Divider Generator (5.1)' for IP 'div' (customized with software release 2018.3) has a different revision in the IP Catalog. * Current project part 'xc7a75tfgg484-1' and the part 'xc7a75tfgg484-2' used to customize the IP 'div' do not match.
WARNING: [IP_Flow 19-2162] IP 'mult_xx' is locked:
* IP definition 'Multiplier (12.0)' for IP 'mult_xx' (customized with software release 2018.3) has a different revision in the IP Catalog. * Current project part 'xc7a75tfgg484-1' and the part 'xc7a75tfgg484-2' used to customize the IP 'mult_xx' do not match.
report_ip_status -name ip_status 
upgrade_ip [get_ips  {div float_tf floating_add floating_div floating_mult floating_point_0 ila_0 mult_xx sum}] -log ip_upgrade.log
Upgrading 'div'
INFO: [IP_Flow 19-3422] Upgraded div (Divider Generator 5.1) from revision 14 to revision 16
INFO: [IP_Flow 19-1686] Generating 'Instantiation Template' target for IP 'div'...
Upgrading 'float_tf'
INFO: [IP_Flow 19-3422] Upgraded float_tf (Floating-point 7.1) from revision 7 to revision 9
INFO: [IP_Flow 19-1686] Generating 'Instantiation Template' target for IP 'float_tf'...
Upgrading 'floating_add'
INFO: [IP_Flow 19-3422] Upgraded floating_add (Floating-point 7.1) from revision 7 to revision 9
INFO: [IP_Flow 19-1686] Generating 'Instantiation Template' target for IP 'floating_add'...
Upgrading 'floating_div'
INFO: [IP_Flow 19-3422] Upgraded floating_div (Floating-point 7.1) from revision 7 to revision 9
INFO: [IP_Flow 19-1686] Generating 'Instantiation Template' target for IP 'floating_div'...
Upgrading 'floating_mult'
INFO: [IP_Flow 19-3422] Upgraded floating_mult (Floating-point 7.1) from revision 7 to revision 9
INFO: [IP_Flow 19-1686] Generating 'Instantiation Template' target for IP 'floating_mult'...
Upgrading 'floating_point_0'
INFO: [IP_Flow 19-3422] Upgraded floating_point_0 (Floating-point 7.1) from revision 7 to revision 9
INFO: [IP_Flow 19-1686] Generating 'Instantiation Template' target for IP 'floating_point_0'...
Upgrading 'ila_0'
INFO: [IP_Flow 19-3422] Upgraded ila_0 (ILA (Integrated Logic Analyzer) 6.2) from revision 8 to revision 10
INFO: [IP_Flow 19-1686] Generating 'Instantiation Template' target for IP 'ila_0'...
Upgrading 'mult_xx'
INFO: [IP_Flow 19-3422] Upgraded mult_xx (Multiplier 12.0) from revision 14 to revision 16
INFO: [IP_Flow 19-1686] Generating 'Instantiation Template' target for IP 'mult_xx'...
Upgrading 'sum'
INFO: [IP_Flow 19-3422] Upgraded sum (FIR Compiler 7.2) from revision 11 to revision 13
INFO: [IP_Flow 19-1686] Generating 'Instantiation Template' target for IP 'sum'...
INFO: [Coretcl 2-1525] Wrote upgrade log to 'D:/vivado2/max30102x3/prj/ip_upgrade.log'.
upgrade_ip: Time (s): cpu = 00:00:08 ; elapsed = 00:00:10 . Memory (MB): peak = 1140.785 ; gain = 38.059
export_ip_user_files -of_objects [get_ips {div float_tf floating_add floating_div floating_mult floating_point_0 ila_0 mult_xx sum}] -no_script -sync -force -quiet
convert_ips [get_files  {D:/vivado2/max30102x3/prj/prj.srcs/sources_1/ip/div/div.xci D:/vivado2/max30102x3/prj/prj.srcs/sources_1/ip/float_tf/float_tf.xci D:/vivado2/max30102x3/prj/prj.srcs/sources_1/ip/floating_add/floating_add.xci D:/vivado2/max30102x3/prj/prj.srcs/sources_1/ip/floating_div/floating_div.xci D:/vivado2/max30102x3/prj/prj.srcs/sources_1/ip/floating_mult/floating_mult.xci D:/vivado2/max30102x3/prj/prj.srcs/sources_1/ip/floating_point_0/floating_point_0.xci D:/vivado2/max30102x3/prj/prj.srcs/sources_1/ip/ila_0/ila_0.xci D:/vivado2/max30102x3/prj/prj.srcs/sources_1/ip/mult_xx/mult_xx.xci D:/vivado2/max30102x3/prj/prj.srcs/sources_1/ip/sum/sum.xci}]
INFO: [filemgmt 56-106] Converting IP 'div' into core container format.
INFO: [filemgmt 56-101] Creating core container 'D:/vivado2/max30102x3/prj/prj.srcs/sources_1/ip/div.xcix' for IP 'div'
INFO: [filemgmt 56-106] Converting IP 'float_tf' into core container format.
INFO: [filemgmt 56-101] Creating core container 'D:/vivado2/max30102x3/prj/prj.srcs/sources_1/ip/float_tf.xcix' for IP 'float_tf'
INFO: [filemgmt 56-106] Converting IP 'floating_add' into core container format.
INFO: [filemgmt 56-101] Creating core container 'D:/vivado2/max30102x3/prj/prj.srcs/sources_1/ip/floating_add.xcix' for IP 'floating_add'
INFO: [filemgmt 56-106] Converting IP 'floating_div' into core container format.
INFO: [filemgmt 56-101] Creating core container 'D:/vivado2/max30102x3/prj/prj.srcs/sources_1/ip/floating_div.xcix' for IP 'floating_div'
INFO: [filemgmt 56-106] Converting IP 'floating_mult' into core container format.
INFO: [filemgmt 56-101] Creating core container 'D:/vivado2/max30102x3/prj/prj.srcs/sources_1/ip/floating_mult.xcix' for IP 'floating_mult'
INFO: [filemgmt 56-106] Converting IP 'floating_point_0' into core container format.
INFO: [filemgmt 56-101] Creating core container 'D:/vivado2/max30102x3/prj/prj.srcs/sources_1/ip/floating_point_0.xcix' for IP 'floating_point_0'
INFO: [filemgmt 56-106] Converting IP 'ila_0' into core container format.
INFO: [filemgmt 56-101] Creating core container 'D:/vivado2/max30102x3/prj/prj.srcs/sources_1/ip/ila_0.xcix' for IP 'ila_0'
INFO: [filemgmt 56-106] Converting IP 'mult_xx' into core container format.
INFO: [filemgmt 56-101] Creating core container 'D:/vivado2/max30102x3/prj/prj.srcs/sources_1/ip/mult_xx.xcix' for IP 'mult_xx'
INFO: [filemgmt 56-106] Converting IP 'sum' into core container format.
INFO: [filemgmt 56-101] Creating core container 'D:/vivado2/max30102x3/prj/prj.srcs/sources_1/ip/sum.xcix' for IP 'sum'
export_ip_user_files -of_objects  [get_files  {D:/vivado2/max30102x3/prj/prj.srcs/sources_1/ip/div/div.xci D:/vivado2/max30102x3/prj/prj.srcs/sources_1/ip/float_tf/float_tf.xci D:/vivado2/max30102x3/prj/prj.srcs/sources_1/ip/floating_add/floating_add.xci D:/vivado2/max30102x3/prj/prj.srcs/sources_1/ip/floating_div/floating_div.xci D:/vivado2/max30102x3/prj/prj.srcs/sources_1/ip/floating_mult/floating_mult.xci D:/vivado2/max30102x3/prj/prj.srcs/sources_1/ip/floating_point_0/floating_point_0.xci D:/vivado2/max30102x3/prj/prj.srcs/sources_1/ip/ila_0/ila_0.xci D:/vivado2/max30102x3/prj/prj.srcs/sources_1/ip/mult_xx/mult_xx.xci D:/vivado2/max30102x3/prj/prj.srcs/sources_1/ip/sum/sum.xci}] -sync -lib_map_path [list {modelsim=D:/vivado2/max30102x3/prj/prj.cache/compile_simlib/modelsim} {questa=D:/vivado2/max30102x3/prj/prj.cache/compile_simlib/questa} {riviera=D:/vivado2/max30102x3/prj/prj.cache/compile_simlib/riviera} {activehdl=D:/vivado2/max30102x3/prj/prj.cache/compile_simlib/activehdl}] -force -quiet
set_property coreContainer.enable 1 [current_project]
reset_run synth_1
launch_runs impl_1 -to_step write_bitstream -jobs 16
INFO: [IP_Flow 19-1686] Generating 'Synthesis' target for IP 'ila_0'...
WARNING: [IP_Flow 19-4994] Overwriting existing constraint file 'd:/vivado2/max30102x3/prj/prj.srcs/sources_1/ip/ila_0/ila_0_ooc.xdc'
INFO: [IP_Flow 19-1686] Generating 'Implementation' target for IP 'ila_0'...
INFO: [IP_Flow 19-1686] Generating 'Synthesis' target for IP 'floating_point_0'...
INFO: [IP_Flow 19-1686] Generating 'Synthesis' target for IP 'floating_add'...
INFO: [IP_Flow 19-1686] Generating 'Synthesis' target for IP 'floating_mult'...
INFO: [IP_Flow 19-1686] Generating 'Synthesis' target for IP 'floating_div'...
INFO: [IP_Flow 19-1686] Generating 'Synthesis' target for IP 'float_tf'...
INFO: [IP_Flow 19-1686] Generating 'Synthesis' target for IP 'sum'...
[Tue Jan  6 21:11:23 2026] Launched ila_0_synth_1, floating_point_0_synth_1, floating_div_synth_1, floating_add_synth_1, floating_mult_synth_1, sum_synth_1, float_tf_synth_1, synth_1...
Run output will be captured here:
ila_0_synth_1: D:/vivado2/max30102x3/prj/prj.runs/ila_0_synth_1/runme.log
floating_point_0_synth_1: D:/vivado2/max30102x3/prj/prj.runs/floating_point_0_synth_1/runme.log
floating_div_synth_1: D:/vivado2/max30102x3/prj/prj.runs/floating_div_synth_1/runme.log
floating_add_synth_1: D:/vivado2/max30102x3/prj/prj.runs/floating_add_synth_1/runme.log
floating_mult_synth_1: D:/vivado2/max30102x3/prj/prj.runs/floating_mult_synth_1/runme.log
sum_synth_1: D:/vivado2/max30102x3/prj/prj.runs/sum_synth_1/runme.log
float_tf_synth_1: D:/vivado2/max30102x3/prj/prj.runs/float_tf_synth_1/runme.log
synth_1: D:/vivado2/max30102x3/prj/prj.runs/synth_1/runme.log
[Tue Jan  6 21:11:24 2026] Launched impl_1...
Run output will be captured here: D:/vivado2/max30102x3/prj/prj.runs/impl_1/runme.log
launch_runs: Time (s): cpu = 00:00:04 ; elapsed = 00:00:09 . Memory (MB): peak = 1179.438 ; gain = 29.688
open_hw_manager
connect_hw_server -allow_non_jtag
INFO: [Labtools 27-2285] Connecting to hw_server url TCP:localhost:3121
INFO: [Labtools 27-2222] Launching hw_server...
INFO: [Labtools 27-2221] Launch Output:

****** Xilinx hw_server v2019.2
  **** Build date : Nov  6 2019 at 22:12:23
    ** Copyright 1986-2019 Xilinx, Inc. All Rights Reserved.


INFO: [Labtools 27-3415] Connecting to cs_server url TCP:localhost:3042
INFO: [Labtools 27-3417] Launching cs_server...
INFO: [Labtools 27-2221] Launch Output:


****** Xilinx cs_server v2019.2.0
  **** Build date : Nov 07 2019-13:28:22
    ** Copyright 2017-2019 Xilinx, Inc. All Rights Reserved.



connect_hw_server: Time (s): cpu = 00:00:00 ; elapsed = 00:00:07 . Memory (MB): peak = 1221.406 ; gain = 20.410
open_hw_target
INFO: [Labtoolstcl 44-466] Opening hw_target localhost:3121/xilinx_tcf/Xilinx/1234-tulA
set_property PROGRAM.FILE {D:/vivado2/max30102x3/prj/prj.runs/impl_1/top.bit} [get_hw_devices xc7a75t_0]
set_property PROBES.FILE {D:/vivado2/max30102x3/prj/prj.runs/impl_1/top.ltx} [get_hw_devices xc7a75t_0]
set_property FULL_PROBES.FILE {D:/vivado2/max30102x3/prj/prj.runs/impl_1/top.ltx} [get_hw_devices xc7a75t_0]
current_hw_device [get_hw_devices xc7a75t_0]
refresh_hw_device [lindex [get_hw_devices xc7a75t_0] 0]
INFO: [Labtools 27-2302] Device xc7a75t (JTAG device index = 0) is programmed with a design that has 1 ILA core(s).
WARNING: [Labtools 27-3413] Dropping logic core with cellname:'xxana_show/your_instance_name' at location 'uuid_117C2CED485C5D8DAF7926850181333F' from probes file, since it cannot be found on the programmed device.
WARNING: [Labtools 27-1974] Mismatch between the design programmed into the device xc7a75t_0 and the probes file(s) D:/vivado2/max30102x3/prj/prj.runs/impl_1/top.ltx.
The device design has 1 ILA core(s) and 0 VIO core(s). 0 ILA core(s) and 0 VIO core(s) are matched in the probes file(s).
Resolution: 
1. Reprogram device with the correct programming file and associated probes file(s) OR
2. Goto device properties and associate the correct probes file(s) with the programming file already programmed in the device.
set_property PROBES.FILE {D:/vivado2/max30102x3/prj/prj.runs/impl_1/top.ltx} [get_hw_devices xc7a75t_0]
set_property FULL_PROBES.FILE {D:/vivado2/max30102x3/prj/prj.runs/impl_1/top.ltx} [get_hw_devices xc7a75t_0]
set_property PROGRAM.FILE {D:/vivado2/max30102x3/prj/prj.runs/impl_1/top.bit} [get_hw_devices xc7a75t_0]
program_hw_devices [get_hw_devices xc7a75t_0]
INFO: [Labtools 27-3164] End of startup status: HIGH
refresh_hw_device [lindex [get_hw_devices xc7a75t_0] 0]
INFO: [Labtools 27-2302] Device xc7a75t (JTAG device index = 0) is programmed with a design that has 1 ILA core(s).
display_hw_ila_data [ get_hw_ila_data hw_ila_data_1 -of_objects [get_hw_ilas -of_objects [get_hw_devices xc7a75t_0] -filter {CELL_NAME=~"xxana_show/your_instance_name"}]]
save_wave_config {D:/vivado2/max30102x3/prj/prj.hw/hw_1/wave/hw_ila_data_1/hw_ila_data_1.wcfg}
exit
INFO: [Common 17-206] Exiting Vivado at Tue Jan  6 21:19:33 2026...
