#-----------------------------------------------------------
# Vivado v2019.2 (64-bit)
# SW Build 2708876 on Wed Nov  6 21:40:23 MST 2019
# IP Build 2700528 on Thu Nov  7 00:09:20 MST 2019
# Start of session at: Tue Jan  6 21:32:21 2026
# Process ID: 21384
# Current directory: D:/vivado2/max30102x3/prj
# Command line: vivado.exe -gui_launcher_event rodinguilauncherevent21256 D:\vivado2\max30102x3\prj\prj.xpr
# Log file: D:/vivado2/max30102x3/prj/vivado.log
# Journal file: D:/vivado2/max30102x3/prj\vivado.jou
#-----------------------------------------------------------
start_gui
open_project D:/vivado2/max30102x3/prj/prj.xpr
Scanning sources...
Finished scanning sources
INFO: [IP_Flow 19-234] Refreshing IP repositories
INFO: [IP_Flow 19-1704] No user IP repositories specified
INFO: [IP_Flow 19-2313] Loaded Vivado IP repository 'D:/vivado2/Vivado/2019.2/data/ip'.
open_project: Time (s): cpu = 00:00:02 ; elapsed = 00:00:06 . Memory (MB): peak = 898.938 ; gain = 206.742
update_compile_order -fileset sources_1
exit
INFO: [Common 17-206] Exiting Vivado at Tue Jan  6 21:34:12 2026...
