
*** Running vivado
    with args -log sum.vds -m64 -product Vivado -mode batch -messageDb vivado.pb -notrace -source sum.tcl


****** Vivado v2019.2 (64-bit)
  **** SW Build 2708876 on Wed Nov  6 21:40:23 MST 2019
  **** IP Build 2700528 on Thu Nov  7 00:09:20 MST 2019
    ** Copyright 1986-2019 Xilinx, Inc. All Rights Reserved.

source sum.tcl -notrace
Command: synth_design -top sum -part xc7a75tfgg484-1 -mode out_of_context
Starting synth_design
Attempting to get a license for feature 'Synthesis' and/or device 'xc7a75t'
INFO: [Common 17-349] Got license for feature 'Synthesis' and/or device 'xc7a75t'
INFO: [Device 21-403] Loading part xc7a75tfgg484-1
INFO: Launching helper process for spawning children vivado processes
INFO: Helper process launched with PID 21100 
---------------------------------------------------------------------------------
Starting RTL Elaboration : Time (s): cpu = 00:00:03 ; elapsed = 00:00:03 . Memory (MB): peak = 859.582 ; gain = 235.230
---------------------------------------------------------------------------------
INFO: [Synth 8-638] synthesizing module 'sum' [d:/vivado2/max30102x3/prj/prj.srcs/sources_1/ip/sum/synth/sum.vhd:71]
	Parameter C_XDEVICEFAMILY bound to: artix7 - type: string 
	Parameter C_ELABORATION_DIR bound to: ./ - type: string 
	Parameter C_COMPONENT_NAME bound to: sum - type: string 
	Parameter C_COEF_FILE bound to: sum.mif - type: string 
	Parameter C_COEF_FILE_LINES bound to: 16 - type: integer 
	Parameter C_FILTER_TYPE bound to: 0 - type: integer 
	Parameter C_INTERP_RATE bound to: 1 - type: integer 
	Parameter C_DECIM_RATE bound to: 1 - type: integer 
	Parameter C_ZERO_PACKING_FACTOR bound to: 1 - type: integer 
	Parameter C_SYMMETRY bound to: 1 - type: integer 
	Parameter C_NUM_FILTS bound to: 1 - type: integer 
	Parameter C_NUM_TAPS bound to: 32 - type: integer 
	Parameter C_NUM_CHANNELS bound to: 1 - type: integer 
	Parameter C_CHANNEL_PATTERN bound to: fixed - type: string 
	Parameter C_ROUND_MODE bound to: 0 - type: integer 
	Parameter C_COEF_RELOAD bound to: 0 - type: integer 
	Parameter C_NUM_RELOAD_SLOTS bound to: 1 - type: integer 
	Parameter C_COL_MODE bound to: 1 - type: integer 
	Parameter C_COL_PIPE_LEN bound to: 4 - type: integer 
	Parameter C_COL_CONFIG bound to: 16 - type: string 
	Parameter C_OPTIMIZATION bound to: 0 - type: integer 
	Parameter C_DATA_PATH_WIDTHS bound to: 12,12 - type: string 
	Parameter C_DATA_IP_PATH_WIDTHS bound to: 24 - type: string 
	Parameter C_DATA_PX_PATH_WIDTHS bound to: 24 - type: string 
	Parameter C_DATA_WIDTH bound to: 24 - type: integer 
	Parameter C_COEF_PATH_WIDTHS bound to: 24,24 - type: string 
	Parameter C_COEF_WIDTH bound to: 24 - type: integer 
	Parameter C_DATA_PATH_SRC bound to: 0,1 - type: string 
	Parameter C_COEF_PATH_SRC bound to: 0,0 - type: string 
	Parameter C_PX_PATH_SRC bound to: 0,1 - type: string 
	Parameter C_DATA_PATH_SIGN bound to: 1,0 - type: string 
	Parameter C_COEF_PATH_SIGN bound to: 1,1 - type: string 
	Parameter C_ACCUM_PATH_WIDTHS bound to: 17,17 - type: string 
	Parameter C_OUTPUT_WIDTH bound to: 29 - type: integer 
	Parameter C_OUTPUT_PATH_WIDTHS bound to: 29 - type: string 
	Parameter C_ACCUM_OP_PATH_WIDTHS bound to: 29 - type: string 
	Parameter C_EXT_MULT_CNFG bound to: 0,1,0,12 - type: string 
	Parameter C_DATA_PATH_PSAMP_SRC bound to: 0 - type: string 
	Parameter C_OP_PATH_PSAMP_SRC bound to: 0 - type: string 
	Parameter C_NUM_MADDS bound to: 16 - type: integer 
	Parameter C_OPT_MADDS bound to: none - type: string 
	Parameter C_OVERSAMPLING_RATE bound to: 1 - type: integer 
	Parameter C_INPUT_RATE bound to: 1 - type: integer 
	Parameter C_OUTPUT_RATE bound to: 1 - type: integer 
	Parameter C_DATA_MEMTYPE bound to: 0 - type: integer 
	Parameter C_COEF_MEMTYPE bound to: 2 - type: integer 
	Parameter C_IPBUFF_MEMTYPE bound to: 0 - type: integer 
	Parameter C_OPBUFF_MEMTYPE bound to: 0 - type: integer 
	Parameter C_DATAPATH_MEMTYPE bound to: 0 - type: integer 
	Parameter C_MEM_ARRANGEMENT bound to: 1 - type: integer 
	Parameter C_DATA_MEM_PACKING bound to: 0 - type: integer 
	Parameter C_COEF_MEM_PACKING bound to: 0 - type: integer 
	Parameter C_FILTS_PACKED bound to: 0 - type: integer 
	Parameter C_LATENCY bound to: 24 - type: integer 
	Parameter C_HAS_ARESETn bound to: 1 - type: integer 
	Parameter C_HAS_ACLKEN bound to: 0 - type: integer 
	Parameter C_DATA_HAS_TLAST bound to: 0 - type: integer 
	Parameter C_S_DATA_HAS_FIFO bound to: 1 - type: integer 
	Parameter C_S_DATA_HAS_TUSER bound to: 0 - type: integer 
	Parameter C_S_DATA_TDATA_WIDTH bound to: 24 - type: integer 
	Parameter C_S_DATA_TUSER_WIDTH bound to: 1 - type: integer 
	Parameter C_M_DATA_HAS_TREADY bound to: 0 - type: integer 
	Parameter C_M_DATA_HAS_TUSER bound to: 0 - type: integer 
	Parameter C_M_DATA_TDATA_WIDTH bound to: 32 - type: integer 
	Parameter C_M_DATA_TUSER_WIDTH bound to: 1 - type: integer 
	Parameter C_HAS_CONFIG_CHANNEL bound to: 0 - type: integer 
	Parameter C_CONFIG_SYNC_MODE bound to: 0 - type: integer 
	Parameter C_CONFIG_PACKET_SIZE bound to: 0 - type: integer 
	Parameter C_CONFIG_TDATA_WIDTH bound to: 1 - type: integer 
	Parameter C_RELOAD_TDATA_WIDTH bound to: 1 - type: integer 
INFO: [Synth 8-3491] module 'fir_compiler_v7_2_13' declared at 'd:/vivado2/max30102x3/prj/prj.srcs/sources_1/ip/sum/hdl/fir_compiler_v7_2_vh_rfs.vhd:61347' bound to instance 'U0' of component 'fir_compiler_v7_2_13' [d:/vivado2/max30102x3/prj/prj.srcs/sources_1/ip/sum/synth/sum.vhd:201]
WARNING: [Synth 8-5858] RAM p_casc_reg from Abstract Data Type (record/struct) for this pattern/configuration is not supported. This will most likely be implemented in registers
WARNING: [Synth 8-5858] RAM p_path_out_reg from Abstract Data Type (record/struct) for this pattern/configuration is not supported. This will most likely be implemented in registers
INFO: [Synth 8-256] done synthesizing module 'sum' (16#1) [d:/vivado2/max30102x3/prj/prj.srcs/sources_1/ip/sum/synth/sum.vhd:71]
WARNING: [Synth 8-3331] design delay__parameterized33 has unconnected port SCLR
WARNING: [Synth 8-3331] design delay__parameterized33 has unconnected port SCLR_ALT
WARNING: [Synth 8-3331] design delay__parameterized32 has unconnected port SCLR
WARNING: [Synth 8-3331] design delay__parameterized32 has unconnected port SCLR_ALT
WARNING: [Synth 8-3331] design delay__parameterized31 has unconnected port WE
WARNING: [Synth 8-3331] design delay__parameterized31 has unconnected port CE
WARNING: [Synth 8-3331] design delay__parameterized31 has unconnected port SCLR
WARNING: [Synth 8-3331] design delay__parameterized31 has unconnected port SCLR_ALT
WARNING: [Synth 8-3331] design delay__parameterized31 has unconnected port CLK
WARNING: [Synth 8-3331] design delay__parameterized30 has unconnected port WE
WARNING: [Synth 8-3331] design delay__parameterized30 has unconnected port CE
WARNING: [Synth 8-3331] design delay__parameterized30 has unconnected port SCLR
WARNING: [Synth 8-3331] design delay__parameterized30 has unconnected port SCLR_ALT
WARNING: [Synth 8-3331] design delay__parameterized30 has unconnected port CLK
WARNING: [Synth 8-3331] design calc__parameterized1 has unconnected port PRE_ADDSUB
WARNING: [Synth 8-3331] design calc__parameterized1 has unconnected port PRE_ADD_BYPASS
WARNING: [Synth 8-3331] design calc__parameterized1 has unconnected port CED
WARNING: [Synth 8-3331] design delay__parameterized29 has unconnected port WE
WARNING: [Synth 8-3331] design delay__parameterized29 has unconnected port CE
WARNING: [Synth 8-3331] design delay__parameterized29 has unconnected port SCLR
WARNING: [Synth 8-3331] design delay__parameterized29 has unconnected port SCLR_ALT
WARNING: [Synth 8-3331] design delay__parameterized29 has unconnected port CLK
WARNING: [Synth 8-3331] design delay__parameterized28 has unconnected port WE
WARNING: [Synth 8-3331] design delay__parameterized28 has unconnected port CE
WARNING: [Synth 8-3331] design delay__parameterized28 has unconnected port SCLR
WARNING: [Synth 8-3331] design delay__parameterized28 has unconnected port SCLR_ALT
WARNING: [Synth 8-3331] design delay__parameterized28 has unconnected port CLK
WARNING: [Synth 8-3331] design add_accum has unconnected port POUT[fab][57]
WARNING: [Synth 8-3331] design add_accum has unconnected port POUT[fab][56]
WARNING: [Synth 8-3331] design add_accum has unconnected port POUT[fab][55]
WARNING: [Synth 8-3331] design add_accum has unconnected port POUT[fab][54]
WARNING: [Synth 8-3331] design add_accum has unconnected port POUT[fab][53]
WARNING: [Synth 8-3331] design add_accum has unconnected port POUT[fab][52]
WARNING: [Synth 8-3331] design add_accum has unconnected port POUT[fab][51]
WARNING: [Synth 8-3331] design add_accum has unconnected port POUT[fab][50]
WARNING: [Synth 8-3331] design add_accum has unconnected port POUT[fab][49]
WARNING: [Synth 8-3331] design add_accum has unconnected port POUT[fab][48]
WARNING: [Synth 8-3331] design add_accum has unconnected port POUT[casc][62]
WARNING: [Synth 8-3331] design add_accum has unconnected port POUT[casc][61]
WARNING: [Synth 8-3331] design add_accum has unconnected port POUT[casc][60]
WARNING: [Synth 8-3331] design add_accum has unconnected port POUT[casc][59]
WARNING: [Synth 8-3331] design add_accum has unconnected port POUT[casc][58]
WARNING: [Synth 8-3331] design add_accum has unconnected port POUT[casc][57]
WARNING: [Synth 8-3331] design add_accum has unconnected port POUT[casc][56]
WARNING: [Synth 8-3331] design add_accum has unconnected port POUT[casc][55]
WARNING: [Synth 8-3331] design add_accum has unconnected port POUT[casc][54]
WARNING: [Synth 8-3331] design add_accum has unconnected port POUT[casc][53]
WARNING: [Synth 8-3331] design add_accum has unconnected port POUT[casc][52]
WARNING: [Synth 8-3331] design add_accum has unconnected port POUT[casc][51]
WARNING: [Synth 8-3331] design add_accum has unconnected port POUT[casc][50]
WARNING: [Synth 8-3331] design add_accum has unconnected port POUT[casc][49]
WARNING: [Synth 8-3331] design add_accum has unconnected port POUT[casc][48]
WARNING: [Synth 8-3331] design add_accum has unconnected port PIN[fab][57]
WARNING: [Synth 8-3331] design add_accum has unconnected port PIN[fab][56]
WARNING: [Synth 8-3331] design add_accum has unconnected port PIN[fab][55]
WARNING: [Synth 8-3331] design add_accum has unconnected port PIN[fab][54]
WARNING: [Synth 8-3331] design add_accum has unconnected port PIN[fab][53]
WARNING: [Synth 8-3331] design add_accum has unconnected port PIN[fab][52]
WARNING: [Synth 8-3331] design add_accum has unconnected port PIN[fab][51]
WARNING: [Synth 8-3331] design add_accum has unconnected port PIN[fab][50]
WARNING: [Synth 8-3331] design add_accum has unconnected port PIN[fab][49]
WARNING: [Synth 8-3331] design add_accum has unconnected port PIN[fab][48]
WARNING: [Synth 8-3331] design add_accum has unconnected port PIN[fab][47]
WARNING: [Synth 8-3331] design add_accum has unconnected port PIN[fab][46]
WARNING: [Synth 8-3331] design add_accum has unconnected port PIN[fab][45]
WARNING: [Synth 8-3331] design add_accum has unconnected port PIN[fab][44]
WARNING: [Synth 8-3331] design add_accum has unconnected port PIN[fab][43]
WARNING: [Synth 8-3331] design add_accum has unconnected port PIN[fab][42]
WARNING: [Synth 8-3331] design add_accum has unconnected port PIN[fab][41]
WARNING: [Synth 8-3331] design add_accum has unconnected port PIN[fab][40]
WARNING: [Synth 8-3331] design add_accum has unconnected port PIN[fab][39]
WARNING: [Synth 8-3331] design add_accum has unconnected port PIN[fab][38]
WARNING: [Synth 8-3331] design add_accum has unconnected port PIN[fab][37]
WARNING: [Synth 8-3331] design add_accum has unconnected port PIN[fab][36]
WARNING: [Synth 8-3331] design add_accum has unconnected port PIN[fab][35]
WARNING: [Synth 8-3331] design add_accum has unconnected port PIN[fab][34]
WARNING: [Synth 8-3331] design add_accum has unconnected port PIN[fab][33]
WARNING: [Synth 8-3331] design add_accum has unconnected port PIN[fab][32]
WARNING: [Synth 8-3331] design add_accum has unconnected port PIN[fab][31]
WARNING: [Synth 8-3331] design add_accum has unconnected port PIN[fab][30]
WARNING: [Synth 8-3331] design add_accum has unconnected port PIN[fab][29]
WARNING: [Synth 8-3331] design add_accum has unconnected port PIN[fab][28]
WARNING: [Synth 8-3331] design add_accum has unconnected port PIN[fab][27]
WARNING: [Synth 8-3331] design add_accum has unconnected port PIN[fab][26]
WARNING: [Synth 8-3331] design add_accum has unconnected port PIN[fab][25]
WARNING: [Synth 8-3331] design add_accum has unconnected port PIN[fab][24]
WARNING: [Synth 8-3331] design add_accum has unconnected port PIN[fab][23]
WARNING: [Synth 8-3331] design add_accum has unconnected port PIN[fab][22]
WARNING: [Synth 8-3331] design add_accum has unconnected port PIN[fab][21]
WARNING: [Synth 8-3331] design add_accum has unconnected port PIN[fab][20]
WARNING: [Synth 8-3331] design add_accum has unconnected port PIN[fab][19]
WARNING: [Synth 8-3331] design add_accum has unconnected port PIN[fab][18]
WARNING: [Synth 8-3331] design add_accum has unconnected port PIN[fab][17]
WARNING: [Synth 8-3331] design add_accum has unconnected port PIN[fab][16]
WARNING: [Synth 8-3331] design add_accum has unconnected port PIN[fab][15]
WARNING: [Synth 8-3331] design add_accum has unconnected port PIN[fab][14]
WARNING: [Synth 8-3331] design add_accum has unconnected port PIN[fab][13]
WARNING: [Synth 8-3331] design add_accum has unconnected port PIN[fab][12]
WARNING: [Synth 8-3331] design add_accum has unconnected port PIN[fab][11]
WARNING: [Synth 8-3331] design add_accum has unconnected port PIN[fab][10]
INFO: [Common 17-14] Message 'Synth 8-3331' appears 100 times and further instances of the messages will be disabled. Use the Tcl command set_msg_config to change the current settings.
---------------------------------------------------------------------------------
Finished RTL Elaboration : Time (s): cpu = 00:00:07 ; elapsed = 00:00:08 . Memory (MB): peak = 1108.195 ; gain = 483.844
---------------------------------------------------------------------------------

Report Check Netlist: 
+------+------------------+-------+---------+-------+------------------+
|      |Item              |Errors |Warnings |Status |Description       |
+------+------------------+-------+---------+-------+------------------+
|1     |multi_driven_nets |      0|        0|Passed |Multi driven nets |
+------+------------------+-------+---------+-------+------------------+
---------------------------------------------------------------------------------
Start Handling Custom Attributes
---------------------------------------------------------------------------------
---------------------------------------------------------------------------------
Finished Handling Custom Attributes : Time (s): cpu = 00:00:08 ; elapsed = 00:00:09 . Memory (MB): peak = 1108.195 ; gain = 483.844
---------------------------------------------------------------------------------
---------------------------------------------------------------------------------
Finished RTL Optimization Phase 1 : Time (s): cpu = 00:00:08 ; elapsed = 00:00:09 . Memory (MB): peak = 1108.195 ; gain = 483.844
---------------------------------------------------------------------------------
Netlist sorting complete. Time (s): cpu = 00:00:00 ; elapsed = 00:00:00.208 . Memory (MB): peak = 1108.195 ; gain = 0.000
INFO: [Netlist 29-17] Analyzing 1345 Unisim elements for replacement
INFO: [Netlist 29-28] Unisim Transformation completed in 0 CPU seconds
INFO: [Project 1-570] Preparing netlist for logic optimization

Processing XDC Constraints
Initializing timing engine
Parsing XDC File [d:/vivado2/max30102x3/prj/prj.srcs/sources_1/ip/sum/sum_ooc.xdc] for cell 'U0'
Finished Parsing XDC File [d:/vivado2/max30102x3/prj/prj.srcs/sources_1/ip/sum/sum_ooc.xdc] for cell 'U0'
Parsing XDC File [d:/vivado2/max30102x3/prj/prj.srcs/sources_1/ip/sum/constraints/fir_compiler_v7_2.xdc] for cell 'U0'
Finished Parsing XDC File [d:/vivado2/max30102x3/prj/prj.srcs/sources_1/ip/sum/constraints/fir_compiler_v7_2.xdc] for cell 'U0'
Parsing XDC File [D:/vivado2/max30102x3/prj/prj.runs/sum_synth_1/dont_touch.xdc]
Finished Parsing XDC File [D:/vivado2/max30102x3/prj/prj.runs/sum_synth_1/dont_touch.xdc]
Completed Processing XDC Constraints

Netlist sorting complete. Time (s): cpu = 00:00:00 ; elapsed = 00:00:00.005 . Memory (MB): peak = 1147.895 ; gain = 0.000
INFO: [Project 1-111] Unisim Transformation Summary:
  A total of 864 instances were transformed.
  FDRSE => FDRSE (FDRE, LUT4, VCC): 448 instances
  MUXCY_L => MUXCY: 416 instances

Constraint Validation Runtime : Time (s): cpu = 00:00:00 ; elapsed = 00:00:00.132 . Memory (MB): peak = 1147.895 ; gain = 0.000
---------------------------------------------------------------------------------
Finished Constraint Validation : Time (s): cpu = 00:00:14 ; elapsed = 00:00:16 . Memory (MB): peak = 1147.895 ; gain = 523.543
---------------------------------------------------------------------------------
---------------------------------------------------------------------------------
Start Loading Part and Timing Information
---------------------------------------------------------------------------------
Loading part: xc7a75tfgg484-1
---------------------------------------------------------------------------------
Finished Loading Part and Timing Information : Time (s): cpu = 00:00:14 ; elapsed = 00:00:16 . Memory (MB): peak = 1147.895 ; gain = 523.543
---------------------------------------------------------------------------------
---------------------------------------------------------------------------------
Start Applying 'set_property' XDC Constraints
---------------------------------------------------------------------------------
Applied set_property DONT_TOUCH = true for U0. (constraint file  D:/vivado2/max30102x3/prj/prj.runs/sum_synth_1/dont_touch.xdc, line 9).
---------------------------------------------------------------------------------
Finished applying 'set_property' XDC Constraints : Time (s): cpu = 00:00:14 ; elapsed = 00:00:16 . Memory (MB): peak = 1147.895 ; gain = 523.543
---------------------------------------------------------------------------------
---------------------------------------------------------------------------------
Finished RTL Optimization Phase 2 : Time (s): cpu = 00:00:15 ; elapsed = 00:00:17 . Memory (MB): peak = 1147.895 ; gain = 523.543
---------------------------------------------------------------------------------

Report RTL Partitions: 
+-+--------------+------------+----------+
| |RTL Partition |Replication |Instances |
+-+--------------+------------+----------+
+-+--------------+------------+----------+
---------------------------------------------------------------------------------
Start RTL Component Statistics 
---------------------------------------------------------------------------------
---------------------------------------------------------------------------------
Finished RTL Component Statistics 
---------------------------------------------------------------------------------
---------------------------------------------------------------------------------
Start RTL Hierarchical Component Statistics 
---------------------------------------------------------------------------------
---------------------------------------------------------------------------------
Finished RTL Hierarchical Component Statistics
---------------------------------------------------------------------------------
---------------------------------------------------------------------------------
Start Part Resource Summary
---------------------------------------------------------------------------------
Part Resources:
DSPs: 180 (col length:80)
BRAMs: 210 (col length: RAMB18 80 RAMB36 40)
---------------------------------------------------------------------------------
Finished Part Resource Summary
---------------------------------------------------------------------------------
---------------------------------------------------------------------------------
Start Cross Boundary and Area Optimization
---------------------------------------------------------------------------------
Warning: Parallel synthesis criteria is not met 
INFO: [Synth 8-3333] propagating constant 1 across sequential element (U0/i_synth/\g_single_rate.i_single_rate/g_parallel.sclr_cntrl_algn_reg[0] )
INFO: [Synth 8-3333] propagating constant 1 across sequential element (U0/i_synth/\g_single_rate.i_single_rate/g_parallel.rfd_int_reg )
INFO: [Synth 8-3333] propagating constant 0 across sequential element (U0/i_synth/\g_single_rate.i_single_rate/g_events_if.event_s_data_tlast_missing_reg )
INFO: [Synth 8-3886] merging instance 'U0/i_synth/g_single_rate.i_single_rate/g_m_data_chan_no_fifo.m_axis_data_tdata_int_reg[28]' (FDRE) to 'U0/i_synth/g_single_rate.i_single_rate/g_m_data_chan_no_fifo.m_axis_data_tdata_int_reg[31]'
INFO: [Synth 8-3886] merging instance 'U0/i_synth/g_single_rate.i_single_rate/g_m_data_chan_no_fifo.m_axis_data_tdata_int_reg[29]' (FDRE) to 'U0/i_synth/g_single_rate.i_single_rate/g_m_data_chan_no_fifo.m_axis_data_tdata_int_reg[31]'
INFO: [Synth 8-3886] merging instance 'U0/i_synth/g_single_rate.i_single_rate/g_m_data_chan_no_fifo.m_axis_data_tdata_int_reg[30]' (FDRE) to 'U0/i_synth/g_single_rate.i_single_rate/g_m_data_chan_no_fifo.m_axis_data_tdata_int_reg[31]'
INFO: [Synth 8-3333] propagating constant 0 across sequential element (U0/i_synth/\g_single_rate.i_single_rate/g_m_data_chan_no_fifo.m_axis_data_tlast_int_reg )
INFO: [Synth 8-3886] merging instance 'U0/i_synth/g_single_rate.i_single_rate/g_parallel.we_gen_reg' (FDR) to 'U0/i_synth/g_single_rate.i_single_rate/g_parallel.we_gen_cntrl_reg'
---------------------------------------------------------------------------------
Finished Cross Boundary and Area Optimization : Time (s): cpu = 00:00:17 ; elapsed = 00:00:18 . Memory (MB): peak = 1147.895 ; gain = 523.543
---------------------------------------------------------------------------------

Report RTL Partitions: 
+-+--------------+------------+----------+
| |RTL Partition |Replication |Instances |
+-+--------------+------------+----------+
+-+--------------+------------+----------+
---------------------------------------------------------------------------------
Start Applying XDC Timing Constraints
---------------------------------------------------------------------------------
---------------------------------------------------------------------------------
Finished Applying XDC Timing Constraints : Time (s): cpu = 00:00:22 ; elapsed = 00:00:24 . Memory (MB): peak = 1147.895 ; gain = 523.543
---------------------------------------------------------------------------------
---------------------------------------------------------------------------------
Start Timing Optimization
---------------------------------------------------------------------------------
---------------------------------------------------------------------------------
Finished Timing Optimization : Time (s): cpu = 00:00:23 ; elapsed = 00:00:25 . Memory (MB): peak = 1147.895 ; gain = 523.543
---------------------------------------------------------------------------------

Report RTL Partitions: 
+-+--------------+------------+----------+
| |RTL Partition |Replication |Instances |
+-+--------------+------------+----------+
+-+--------------+------------+----------+
---------------------------------------------------------------------------------
Start Technology Mapping
---------------------------------------------------------------------------------
WARNING: [Synth 8-5591] srl_style attribute value srl_reg on U0/i_synth/g_single_rate.i_single_rate/g_parallel.g_paths[0].g_symmetric.g_data_sym_array.g_data_sym[14].g_data_sym_casc_buff.i_data_sym_casc_buff/g_buff.i_buff/gen_dly.gen_shiftreg.gen_rtl_delay.delay_bus_reg[0][11] cannot be supported because of smaller than expected depth of fanout-free flop chain.
WARNING: [Synth 8-5591] srl_style attribute value srl_reg on U0/i_synth/g_single_rate.i_single_rate/g_parallel.g_paths[0].g_symmetric.g_data_sym_array.g_data_sym[14].g_data_sym_casc_buff.i_data_sym_casc_buff/g_buff.i_buff/gen_dly.gen_shiftreg.gen_rtl_delay.delay_bus_reg[0][10] cannot be supported because of smaller than expected depth of fanout-free flop chain.
WARNING: [Synth 8-5591] srl_style attribute value srl_reg on U0/i_synth/g_single_rate.i_single_rate/g_parallel.g_paths[0].g_symmetric.g_data_sym_array.g_data_sym[14].g_data_sym_casc_buff.i_data_sym_casc_buff/g_buff.i_buff/gen_dly.gen_shiftreg.gen_rtl_delay.delay_bus_reg[0][9] cannot be supported because of smaller than expected depth of fanout-free flop chain.
WARNING: [Synth 8-5591] srl_style attribute value srl_reg on U0/i_synth/g_single_rate.i_single_rate/g_parallel.g_paths[0].g_symmetric.g_data_sym_array.g_data_sym[14].g_data_sym_casc_buff.i_data_sym_casc_buff/g_buff.i_buff/gen_dly.gen_shiftreg.gen_rtl_delay.delay_bus_reg[0][8] cannot be supported because of smaller than expected depth of fanout-free flop chain.
WARNING: [Synth 8-5591] srl_style attribute value srl_reg on U0/i_synth/g_single_rate.i_single_rate/g_parallel.g_paths[0].g_symmetric.g_data_sym_array.g_data_sym[14].g_data_sym_casc_buff.i_data_sym_casc_buff/g_buff.i_buff/gen_dly.gen_shiftreg.gen_rtl_delay.delay_bus_reg[0][7] cannot be supported because of smaller than expected depth of fanout-free flop chain.
WARNING: [Synth 8-5591] srl_style attribute value srl_reg on U0/i_synth/g_single_rate.i_single_rate/g_parallel.g_paths[0].g_symmetric.g_data_sym_array.g_data_sym[14].g_data_sym_casc_buff.i_data_sym_casc_buff/g_buff.i_buff/gen_dly.gen_shiftreg.gen_rtl_delay.delay_bus_reg[0][6] cannot be supported because of smaller than expected depth of fanout-free flop chain.
WARNING: [Synth 8-5591] srl_style attribute value srl_reg on U0/i_synth/g_single_rate.i_single_rate/g_parallel.g_paths[0].g_symmetric.g_data_sym_array.g_data_sym[14].g_data_sym_casc_buff.i_data_sym_casc_buff/g_buff.i_buff/gen_dly.gen_shiftreg.gen_rtl_delay.delay_bus_reg[0][5] cannot be supported because of smaller than expected depth of fanout-free flop chain.
WARNING: [Synth 8-5591] srl_style attribute value srl_reg on U0/i_synth/g_single_rate.i_single_rate/g_parallel.g_paths[0].g_symmetric.g_data_sym_array.g_data_sym[14].g_data_sym_casc_buff.i_data_sym_casc_buff/g_buff.i_buff/gen_dly.gen_shiftreg.gen_rtl_delay.delay_bus_reg[0][4] cannot be supported because of smaller than expected depth of fanout-free flop chain.
WARNING: [Synth 8-5591] srl_style attribute value srl_reg on U0/i_synth/g_single_rate.i_single_rate/g_parallel.g_paths[0].g_symmetric.g_data_sym_array.g_data_sym[14].g_data_sym_casc_buff.i_data_sym_casc_buff/g_buff.i_buff/gen_dly.gen_shiftreg.gen_rtl_delay.delay_bus_reg[0][3] cannot be supported because of smaller than expected depth of fanout-free flop chain.
WARNING: [Synth 8-5591] srl_style attribute value srl_reg on U0/i_synth/g_single_rate.i_single_rate/g_parallel.g_paths[0].g_symmetric.g_data_sym_array.g_data_sym[14].g_data_sym_casc_buff.i_data_sym_casc_buff/g_buff.i_buff/gen_dly.gen_shiftreg.gen_rtl_delay.delay_bus_reg[0][2] cannot be supported because of smaller than expected depth of fanout-free flop chain.
WARNING: [Synth 8-5591] srl_style attribute value srl_reg on U0/i_synth/g_single_rate.i_single_rate/g_parallel.g_paths[0].g_symmetric.g_data_sym_array.g_data_sym[14].g_data_sym_casc_buff.i_data_sym_casc_buff/g_buff.i_buff/gen_dly.gen_shiftreg.gen_rtl_delay.delay_bus_reg[0][1] cannot be supported because of smaller than expected depth of fanout-free flop chain.
WARNING: [Synth 8-5591] srl_style attribute value srl_reg on U0/i_synth/g_single_rate.i_single_rate/g_parallel.g_paths[0].g_symmetric.g_data_sym_array.g_data_sym[14].g_data_sym_casc_buff.i_data_sym_casc_buff/g_buff.i_buff/gen_dly.gen_shiftreg.gen_rtl_delay.delay_bus_reg[0][0] cannot be supported because of smaller than expected depth of fanout-free flop chain.
WARNING: [Synth 8-5591] srl_style attribute value srl_reg on U0/i_synth/g_single_rate.i_single_rate/g_parallel.g_paths[0].g_symmetric.g_data_sym_array.g_data_sym[13].g_data_sym_casc_buff.i_data_sym_casc_buff/g_buff.i_buff/gen_dly.gen_shiftreg.gen_rtl_delay.delay_bus_reg[0][11] cannot be supported because of smaller than expected depth of fanout-free flop chain.
WARNING: [Synth 8-5591] srl_style attribute value srl_reg on U0/i_synth/g_single_rate.i_single_rate/g_parallel.g_paths[0].g_symmetric.g_data_sym_array.g_data_sym[13].g_data_sym_casc_buff.i_data_sym_casc_buff/g_buff.i_buff/gen_dly.gen_shiftreg.gen_rtl_delay.delay_bus_reg[0][10] cannot be supported because of smaller than expected depth of fanout-free flop chain.
WARNING: [Synth 8-5591] srl_style attribute value srl_reg on U0/i_synth/g_single_rate.i_single_rate/g_parallel.g_paths[0].g_symmetric.g_data_sym_array.g_data_sym[13].g_data_sym_casc_buff.i_data_sym_casc_buff/g_buff.i_buff/gen_dly.gen_shiftreg.gen_rtl_delay.delay_bus_reg[0][9] cannot be supported because of smaller than expected depth of fanout-free flop chain.
WARNING: [Synth 8-5591] srl_style attribute value srl_reg on U0/i_synth/g_single_rate.i_single_rate/g_parallel.g_paths[0].g_symmetric.g_data_sym_array.g_data_sym[13].g_data_sym_casc_buff.i_data_sym_casc_buff/g_buff.i_buff/gen_dly.gen_shiftreg.gen_rtl_delay.delay_bus_reg[0][8] cannot be supported because of smaller than expected depth of fanout-free flop chain.
WARNING: [Synth 8-5591] srl_style attribute value srl_reg on U0/i_synth/g_single_rate.i_single_rate/g_parallel.g_paths[0].g_symmetric.g_data_sym_array.g_data_sym[13].g_data_sym_casc_buff.i_data_sym_casc_buff/g_buff.i_buff/gen_dly.gen_shiftreg.gen_rtl_delay.delay_bus_reg[0][7] cannot be supported because of smaller than expected depth of fanout-free flop chain.
WARNING: [Synth 8-5591] srl_style attribute value srl_reg on U0/i_synth/g_single_rate.i_single_rate/g_parallel.g_paths[0].g_symmetric.g_data_sym_array.g_data_sym[13].g_data_sym_casc_buff.i_data_sym_casc_buff/g_buff.i_buff/gen_dly.gen_shiftreg.gen_rtl_delay.delay_bus_reg[0][6] cannot be supported because of smaller than expected depth of fanout-free flop chain.
WARNING: [Synth 8-5591] srl_style attribute value srl_reg on U0/i_synth/g_single_rate.i_single_rate/g_parallel.g_paths[0].g_symmetric.g_data_sym_array.g_data_sym[13].g_data_sym_casc_buff.i_data_sym_casc_buff/g_buff.i_buff/gen_dly.gen_shiftreg.gen_rtl_delay.delay_bus_reg[0][5] cannot be supported because of smaller than expected depth of fanout-free flop chain.
WARNING: [Synth 8-5591] srl_style attribute value srl_reg on U0/i_synth/g_single_rate.i_single_rate/g_parallel.g_paths[0].g_symmetric.g_data_sym_array.g_data_sym[13].g_data_sym_casc_buff.i_data_sym_casc_buff/g_buff.i_buff/gen_dly.gen_shiftreg.gen_rtl_delay.delay_bus_reg[0][4] cannot be supported because of smaller than expected depth of fanout-free flop chain.
WARNING: [Synth 8-5591] srl_style attribute value srl_reg on U0/i_synth/g_single_rate.i_single_rate/g_parallel.g_paths[0].g_symmetric.g_data_sym_array.g_data_sym[13].g_data_sym_casc_buff.i_data_sym_casc_buff/g_buff.i_buff/gen_dly.gen_shiftreg.gen_rtl_delay.delay_bus_reg[0][3] cannot be supported because of smaller than expected depth of fanout-free flop chain.
WARNING: [Synth 8-5591] srl_style attribute value srl_reg on U0/i_synth/g_single_rate.i_single_rate/g_parallel.g_paths[0].g_symmetric.g_data_sym_array.g_data_sym[13].g_data_sym_casc_buff.i_data_sym_casc_buff/g_buff.i_buff/gen_dly.gen_shiftreg.gen_rtl_delay.delay_bus_reg[0][2] cannot be supported because of smaller than expected depth of fanout-free flop chain.
WARNING: [Synth 8-5591] srl_style attribute value srl_reg on U0/i_synth/g_single_rate.i_single_rate/g_parallel.g_paths[0].g_symmetric.g_data_sym_array.g_data_sym[13].g_data_sym_casc_buff.i_data_sym_casc_buff/g_buff.i_buff/gen_dly.gen_shiftreg.gen_rtl_delay.delay_bus_reg[0][1] cannot be supported because of smaller than expected depth of fanout-free flop chain.
WARNING: [Synth 8-5591] srl_style attribute value srl_reg on U0/i_synth/g_single_rate.i_single_rate/g_parallel.g_paths[0].g_symmetric.g_data_sym_array.g_data_sym[13].g_data_sym_casc_buff.i_data_sym_casc_buff/g_buff.i_buff/gen_dly.gen_shiftreg.gen_rtl_delay.delay_bus_reg[0][0] cannot be supported because of smaller than expected depth of fanout-free flop chain.
WARNING: [Synth 8-5591] srl_style attribute value srl_reg on U0/i_synth/g_single_rate.i_single_rate/g_parallel.g_paths[0].g_symmetric.g_data_sym_array.g_data_sym[12].g_data_sym_casc_buff.i_data_sym_casc_buff/g_buff.i_buff/gen_dly.gen_shiftreg.gen_rtl_delay.delay_bus_reg[0][11] cannot be supported because of smaller than expected depth of fanout-free flop chain.
WARNING: [Synth 8-5591] srl_style attribute value srl_reg on U0/i_synth/g_single_rate.i_single_rate/g_parallel.g_paths[0].g_symmetric.g_data_sym_array.g_data_sym[12].g_data_sym_casc_buff.i_data_sym_casc_buff/g_buff.i_buff/gen_dly.gen_shiftreg.gen_rtl_delay.delay_bus_reg[0][10] cannot be supported because of smaller than expected depth of fanout-free flop chain.
WARNING: [Synth 8-5591] srl_style attribute value srl_reg on U0/i_synth/g_single_rate.i_single_rate/g_parallel.g_paths[0].g_symmetric.g_data_sym_array.g_data_sym[12].g_data_sym_casc_buff.i_data_sym_casc_buff/g_buff.i_buff/gen_dly.gen_shiftreg.gen_rtl_delay.delay_bus_reg[0][9] cannot be supported because of smaller than expected depth of fanout-free flop chain.
WARNING: [Synth 8-5591] srl_style attribute value srl_reg on U0/i_synth/g_single_rate.i_single_rate/g_parallel.g_paths[0].g_symmetric.g_data_sym_array.g_data_sym[12].g_data_sym_casc_buff.i_data_sym_casc_buff/g_buff.i_buff/gen_dly.gen_shiftreg.gen_rtl_delay.delay_bus_reg[0][8] cannot be supported because of smaller than expected depth of fanout-free flop chain.
WARNING: [Synth 8-5591] srl_style attribute value srl_reg on U0/i_synth/g_single_rate.i_single_rate/g_parallel.g_paths[0].g_symmetric.g_data_sym_array.g_data_sym[12].g_data_sym_casc_buff.i_data_sym_casc_buff/g_buff.i_buff/gen_dly.gen_shiftreg.gen_rtl_delay.delay_bus_reg[0][7] cannot be supported because of smaller than expected depth of fanout-free flop chain.
WARNING: [Synth 8-5591] srl_style attribute value srl_reg on U0/i_synth/g_single_rate.i_single_rate/g_parallel.g_paths[0].g_symmetric.g_data_sym_array.g_data_sym[12].g_data_sym_casc_buff.i_data_sym_casc_buff/g_buff.i_buff/gen_dly.gen_shiftreg.gen_rtl_delay.delay_bus_reg[0][6] cannot be supported because of smaller than expected depth of fanout-free flop chain.
WARNING: [Synth 8-5591] srl_style attribute value srl_reg on U0/i_synth/g_single_rate.i_single_rate/g_parallel.g_paths[0].g_symmetric.g_data_sym_array.g_data_sym[12].g_data_sym_casc_buff.i_data_sym_casc_buff/g_buff.i_buff/gen_dly.gen_shiftreg.gen_rtl_delay.delay_bus_reg[0][5] cannot be supported because of smaller than expected depth of fanout-free flop chain.
WARNING: [Synth 8-5591] srl_style attribute value srl_reg on U0/i_synth/g_single_rate.i_single_rate/g_parallel.g_paths[0].g_symmetric.g_data_sym_array.g_data_sym[12].g_data_sym_casc_buff.i_data_sym_casc_buff/g_buff.i_buff/gen_dly.gen_shiftreg.gen_rtl_delay.delay_bus_reg[0][4] cannot be supported because of smaller than expected depth of fanout-free flop chain.
WARNING: [Synth 8-5591] srl_style attribute value srl_reg on U0/i_synth/g_single_rate.i_single_rate/g_parallel.g_paths[0].g_symmetric.g_data_sym_array.g_data_sym[12].g_data_sym_casc_buff.i_data_sym_casc_buff/g_buff.i_buff/gen_dly.gen_shiftreg.gen_rtl_delay.delay_bus_reg[0][3] cannot be supported because of smaller than expected depth of fanout-free flop chain.
WARNING: [Synth 8-5591] srl_style attribute value srl_reg on U0/i_synth/g_single_rate.i_single_rate/g_parallel.g_paths[0].g_symmetric.g_data_sym_array.g_data_sym[12].g_data_sym_casc_buff.i_data_sym_casc_buff/g_buff.i_buff/gen_dly.gen_shiftreg.gen_rtl_delay.delay_bus_reg[0][2] cannot be supported because of smaller than expected depth of fanout-free flop chain.
WARNING: [Synth 8-5591] srl_style attribute value srl_reg on U0/i_synth/g_single_rate.i_single_rate/g_parallel.g_paths[0].g_symmetric.g_data_sym_array.g_data_sym[12].g_data_sym_casc_buff.i_data_sym_casc_buff/g_buff.i_buff/gen_dly.gen_shiftreg.gen_rtl_delay.delay_bus_reg[0][1] cannot be supported because of smaller than expected depth of fanout-free flop chain.
WARNING: [Synth 8-5591] srl_style attribute value srl_reg on U0/i_synth/g_single_rate.i_single_rate/g_parallel.g_paths[0].g_symmetric.g_data_sym_array.g_data_sym[12].g_data_sym_casc_buff.i_data_sym_casc_buff/g_buff.i_buff/gen_dly.gen_shiftreg.gen_rtl_delay.delay_bus_reg[0][0] cannot be supported because of smaller than expected depth of fanout-free flop chain.
WARNING: [Synth 8-5591] srl_style attribute value srl_reg on U0/i_synth/g_single_rate.i_single_rate/g_parallel.g_paths[0].g_symmetric.g_data_sym_array.g_data_sym[11].g_data_sym_casc_buff.i_data_sym_casc_buff/g_buff.i_buff/gen_dly.gen_shiftreg.gen_rtl_delay.delay_bus_reg[0][11] cannot be supported because of smaller than expected depth of fanout-free flop chain.
WARNING: [Synth 8-5591] srl_style attribute value srl_reg on U0/i_synth/g_single_rate.i_single_rate/g_parallel.g_paths[0].g_symmetric.g_data_sym_array.g_data_sym[11].g_data_sym_casc_buff.i_data_sym_casc_buff/g_buff.i_buff/gen_dly.gen_shiftreg.gen_rtl_delay.delay_bus_reg[0][10] cannot be supported because of smaller than expected depth of fanout-free flop chain.
WARNING: [Synth 8-5591] srl_style attribute value srl_reg on U0/i_synth/g_single_rate.i_single_rate/g_parallel.g_paths[0].g_symmetric.g_data_sym_array.g_data_sym[11].g_data_sym_casc_buff.i_data_sym_casc_buff/g_buff.i_buff/gen_dly.gen_shiftreg.gen_rtl_delay.delay_bus_reg[0][9] cannot be supported because of smaller than expected depth of fanout-free flop chain.
WARNING: [Synth 8-5591] srl_style attribute value srl_reg on U0/i_synth/g_single_rate.i_single_rate/g_parallel.g_paths[0].g_symmetric.g_data_sym_array.g_data_sym[11].g_data_sym_casc_buff.i_data_sym_casc_buff/g_buff.i_buff/gen_dly.gen_shiftreg.gen_rtl_delay.delay_bus_reg[0][8] cannot be supported because of smaller than expected depth of fanout-free flop chain.
WARNING: [Synth 8-5591] srl_style attribute value srl_reg on U0/i_synth/g_single_rate.i_single_rate/g_parallel.g_paths[0].g_symmetric.g_data_sym_array.g_data_sym[11].g_data_sym_casc_buff.i_data_sym_casc_buff/g_buff.i_buff/gen_dly.gen_shiftreg.gen_rtl_delay.delay_bus_reg[0][7] cannot be supported because of smaller than expected depth of fanout-free flop chain.
WARNING: [Synth 8-5591] srl_style attribute value srl_reg on U0/i_synth/g_single_rate.i_single_rate/g_parallel.g_paths[0].g_symmetric.g_data_sym_array.g_data_sym[11].g_data_sym_casc_buff.i_data_sym_casc_buff/g_buff.i_buff/gen_dly.gen_shiftreg.gen_rtl_delay.delay_bus_reg[0][6] cannot be supported because of smaller than expected depth of fanout-free flop chain.
WARNING: [Synth 8-5591] srl_style attribute value srl_reg on U0/i_synth/g_single_rate.i_single_rate/g_parallel.g_paths[0].g_symmetric.g_data_sym_array.g_data_sym[11].g_data_sym_casc_buff.i_data_sym_casc_buff/g_buff.i_buff/gen_dly.gen_shiftreg.gen_rtl_delay.delay_bus_reg[0][5] cannot be supported because of smaller than expected depth of fanout-free flop chain.
WARNING: [Synth 8-5591] srl_style attribute value srl_reg on U0/i_synth/g_single_rate.i_single_rate/g_parallel.g_paths[0].g_symmetric.g_data_sym_array.g_data_sym[11].g_data_sym_casc_buff.i_data_sym_casc_buff/g_buff.i_buff/gen_dly.gen_shiftreg.gen_rtl_delay.delay_bus_reg[0][4] cannot be supported because of smaller than expected depth of fanout-free flop chain.
WARNING: [Synth 8-5591] srl_style attribute value srl_reg on U0/i_synth/g_single_rate.i_single_rate/g_parallel.g_paths[0].g_symmetric.g_data_sym_array.g_data_sym[11].g_data_sym_casc_buff.i_data_sym_casc_buff/g_buff.i_buff/gen_dly.gen_shiftreg.gen_rtl_delay.delay_bus_reg[0][3] cannot be supported because of smaller than expected depth of fanout-free flop chain.
WARNING: [Synth 8-5591] srl_style attribute value srl_reg on U0/i_synth/g_single_rate.i_single_rate/g_parallel.g_paths[0].g_symmetric.g_data_sym_array.g_data_sym[11].g_data_sym_casc_buff.i_data_sym_casc_buff/g_buff.i_buff/gen_dly.gen_shiftreg.gen_rtl_delay.delay_bus_reg[0][2] cannot be supported because of smaller than expected depth of fanout-free flop chain.
WARNING: [Synth 8-5591] srl_style attribute value srl_reg on U0/i_synth/g_single_rate.i_single_rate/g_parallel.g_paths[0].g_symmetric.g_data_sym_array.g_data_sym[11].g_data_sym_casc_buff.i_data_sym_casc_buff/g_buff.i_buff/gen_dly.gen_shiftreg.gen_rtl_delay.delay_bus_reg[0][1] cannot be supported because of smaller than expected depth of fanout-free flop chain.
WARNING: [Synth 8-5591] srl_style attribute value srl_reg on U0/i_synth/g_single_rate.i_single_rate/g_parallel.g_paths[0].g_symmetric.g_data_sym_array.g_data_sym[11].g_data_sym_casc_buff.i_data_sym_casc_buff/g_buff.i_buff/gen_dly.gen_shiftreg.gen_rtl_delay.delay_bus_reg[0][0] cannot be supported because of smaller than expected depth of fanout-free flop chain.
WARNING: [Synth 8-5591] srl_style attribute value srl_reg on U0/i_synth/g_single_rate.i_single_rate/g_parallel.g_paths[0].g_symmetric.g_data_sym_array.g_data_sym[10].g_data_sym_casc_buff.i_data_sym_casc_buff/g_buff.i_buff/gen_dly.gen_shiftreg.gen_rtl_delay.delay_bus_reg[0][11] cannot be supported because of smaller than expected depth of fanout-free flop chain.
WARNING: [Synth 8-5591] srl_style attribute value srl_reg on U0/i_synth/g_single_rate.i_single_rate/g_parallel.g_paths[0].g_symmetric.g_data_sym_array.g_data_sym[10].g_data_sym_casc_buff.i_data_sym_casc_buff/g_buff.i_buff/gen_dly.gen_shiftreg.gen_rtl_delay.delay_bus_reg[0][10] cannot be supported because of smaller than expected depth of fanout-free flop chain.
WARNING: [Synth 8-5591] srl_style attribute value srl_reg on U0/i_synth/g_single_rate.i_single_rate/g_parallel.g_paths[0].g_symmetric.g_data_sym_array.g_data_sym[10].g_data_sym_casc_buff.i_data_sym_casc_buff/g_buff.i_buff/gen_dly.gen_shiftreg.gen_rtl_delay.delay_bus_reg[0][9] cannot be supported because of smaller than expected depth of fanout-free flop chain.
WARNING: [Synth 8-5591] srl_style attribute value srl_reg on U0/i_synth/g_single_rate.i_single_rate/g_parallel.g_paths[0].g_symmetric.g_data_sym_array.g_data_sym[10].g_data_sym_casc_buff.i_data_sym_casc_buff/g_buff.i_buff/gen_dly.gen_shiftreg.gen_rtl_delay.delay_bus_reg[0][8] cannot be supported because of smaller than expected depth of fanout-free flop chain.
WARNING: [Synth 8-5591] srl_style attribute value srl_reg on U0/i_synth/g_single_rate.i_single_rate/g_parallel.g_paths[0].g_symmetric.g_data_sym_array.g_data_sym[10].g_data_sym_casc_buff.i_data_sym_casc_buff/g_buff.i_buff/gen_dly.gen_shiftreg.gen_rtl_delay.delay_bus_reg[0][7] cannot be supported because of smaller than expected depth of fanout-free flop chain.
WARNING: [Synth 8-5591] srl_style attribute value srl_reg on U0/i_synth/g_single_rate.i_single_rate/g_parallel.g_paths[0].g_symmetric.g_data_sym_array.g_data_sym[10].g_data_sym_casc_buff.i_data_sym_casc_buff/g_buff.i_buff/gen_dly.gen_shiftreg.gen_rtl_delay.delay_bus_reg[0][6] cannot be supported because of smaller than expected depth of fanout-free flop chain.
WARNING: [Synth 8-5591] srl_style attribute value srl_reg on U0/i_synth/g_single_rate.i_single_rate/g_parallel.g_paths[0].g_symmetric.g_data_sym_array.g_data_sym[10].g_data_sym_casc_buff.i_data_sym_casc_buff/g_buff.i_buff/gen_dly.gen_shiftreg.gen_rtl_delay.delay_bus_reg[0][5] cannot be supported because of smaller than expected depth of fanout-free flop chain.
WARNING: [Synth 8-5591] srl_style attribute value srl_reg on U0/i_synth/g_single_rate.i_single_rate/g_parallel.g_paths[0].g_symmetric.g_data_sym_array.g_data_sym[10].g_data_sym_casc_buff.i_data_sym_casc_buff/g_buff.i_buff/gen_dly.gen_shiftreg.gen_rtl_delay.delay_bus_reg[0][4] cannot be supported because of smaller than expected depth of fanout-free flop chain.
WARNING: [Synth 8-5591] srl_style attribute value srl_reg on U0/i_synth/g_single_rate.i_single_rate/g_parallel.g_paths[0].g_symmetric.g_data_sym_array.g_data_sym[10].g_data_sym_casc_buff.i_data_sym_casc_buff/g_buff.i_buff/gen_dly.gen_shiftreg.gen_rtl_delay.delay_bus_reg[0][3] cannot be supported because of smaller than expected depth of fanout-free flop chain.
WARNING: [Synth 8-5591] srl_style attribute value srl_reg on U0/i_synth/g_single_rate.i_single_rate/g_parallel.g_paths[0].g_symmetric.g_data_sym_array.g_data_sym[10].g_data_sym_casc_buff.i_data_sym_casc_buff/g_buff.i_buff/gen_dly.gen_shiftreg.gen_rtl_delay.delay_bus_reg[0][2] cannot be supported because of smaller than expected depth of fanout-free flop chain.
WARNING: [Synth 8-5591] srl_style attribute value srl_reg on U0/i_synth/g_single_rate.i_single_rate/g_parallel.g_paths[0].g_symmetric.g_data_sym_array.g_data_sym[10].g_data_sym_casc_buff.i_data_sym_casc_buff/g_buff.i_buff/gen_dly.gen_shiftreg.gen_rtl_delay.delay_bus_reg[0][1] cannot be supported because of smaller than expected depth of fanout-free flop chain.
WARNING: [Synth 8-5591] srl_style attribute value srl_reg on U0/i_synth/g_single_rate.i_single_rate/g_parallel.g_paths[0].g_symmetric.g_data_sym_array.g_data_sym[10].g_data_sym_casc_buff.i_data_sym_casc_buff/g_buff.i_buff/gen_dly.gen_shiftreg.gen_rtl_delay.delay_bus_reg[0][0] cannot be supported because of smaller than expected depth of fanout-free flop chain.
WARNING: [Synth 8-5591] srl_style attribute value srl_reg on U0/i_synth/g_single_rate.i_single_rate/g_parallel.g_paths[0].g_symmetric.g_data_sym_array.g_data_sym[9].g_data_sym_casc_buff.i_data_sym_casc_buff/g_buff.i_buff/gen_dly.gen_shiftreg.gen_rtl_delay.delay_bus_reg[0][11] cannot be supported because of smaller than expected depth of fanout-free flop chain.
WARNING: [Synth 8-5591] srl_style attribute value srl_reg on U0/i_synth/g_single_rate.i_single_rate/g_parallel.g_paths[0].g_symmetric.g_data_sym_array.g_data_sym[9].g_data_sym_casc_buff.i_data_sym_casc_buff/g_buff.i_buff/gen_dly.gen_shiftreg.gen_rtl_delay.delay_bus_reg[0][10] cannot be supported because of smaller than expected depth of fanout-free flop chain.
WARNING: [Synth 8-5591] srl_style attribute value srl_reg on U0/i_synth/g_single_rate.i_single_rate/g_parallel.g_paths[0].g_symmetric.g_data_sym_array.g_data_sym[9].g_data_sym_casc_buff.i_data_sym_casc_buff/g_buff.i_buff/gen_dly.gen_shiftreg.gen_rtl_delay.delay_bus_reg[0][9] cannot be supported because of smaller than expected depth of fanout-free flop chain.
WARNING: [Synth 8-5591] srl_style attribute value srl_reg on U0/i_synth/g_single_rate.i_single_rate/g_parallel.g_paths[0].g_symmetric.g_data_sym_array.g_data_sym[9].g_data_sym_casc_buff.i_data_sym_casc_buff/g_buff.i_buff/gen_dly.gen_shiftreg.gen_rtl_delay.delay_bus_reg[0][8] cannot be supported because of smaller than expected depth of fanout-free flop chain.
WARNING: [Synth 8-5591] srl_style attribute value srl_reg on U0/i_synth/g_single_rate.i_single_rate/g_parallel.g_paths[0].g_symmetric.g_data_sym_array.g_data_sym[9].g_data_sym_casc_buff.i_data_sym_casc_buff/g_buff.i_buff/gen_dly.gen_shiftreg.gen_rtl_delay.delay_bus_reg[0][7] cannot be supported because of smaller than expected depth of fanout-free flop chain.
WARNING: [Synth 8-5591] srl_style attribute value srl_reg on U0/i_synth/g_single_rate.i_single_rate/g_parallel.g_paths[0].g_symmetric.g_data_sym_array.g_data_sym[9].g_data_sym_casc_buff.i_data_sym_casc_buff/g_buff.i_buff/gen_dly.gen_shiftreg.gen_rtl_delay.delay_bus_reg[0][6] cannot be supported because of smaller than expected depth of fanout-free flop chain.
WARNING: [Synth 8-5591] srl_style attribute value srl_reg on U0/i_synth/g_single_rate.i_single_rate/g_parallel.g_paths[0].g_symmetric.g_data_sym_array.g_data_sym[9].g_data_sym_casc_buff.i_data_sym_casc_buff/g_buff.i_buff/gen_dly.gen_shiftreg.gen_rtl_delay.delay_bus_reg[0][5] cannot be supported because of smaller than expected depth of fanout-free flop chain.
WARNING: [Synth 8-5591] srl_style attribute value srl_reg on U0/i_synth/g_single_rate.i_single_rate/g_parallel.g_paths[0].g_symmetric.g_data_sym_array.g_data_sym[9].g_data_sym_casc_buff.i_data_sym_casc_buff/g_buff.i_buff/gen_dly.gen_shiftreg.gen_rtl_delay.delay_bus_reg[0][4] cannot be supported because of smaller than expected depth of fanout-free flop chain.
WARNING: [Synth 8-5591] srl_style attribute value srl_reg on U0/i_synth/g_single_rate.i_single_rate/g_parallel.g_paths[0].g_symmetric.g_data_sym_array.g_data_sym[9].g_data_sym_casc_buff.i_data_sym_casc_buff/g_buff.i_buff/gen_dly.gen_shiftreg.gen_rtl_delay.delay_bus_reg[0][3] cannot be supported because of smaller than expected depth of fanout-free flop chain.
WARNING: [Synth 8-5591] srl_style attribute value srl_reg on U0/i_synth/g_single_rate.i_single_rate/g_parallel.g_paths[0].g_symmetric.g_data_sym_array.g_data_sym[9].g_data_sym_casc_buff.i_data_sym_casc_buff/g_buff.i_buff/gen_dly.gen_shiftreg.gen_rtl_delay.delay_bus_reg[0][2] cannot be supported because of smaller than expected depth of fanout-free flop chain.
WARNING: [Synth 8-5591] srl_style attribute value srl_reg on U0/i_synth/g_single_rate.i_single_rate/g_parallel.g_paths[0].g_symmetric.g_data_sym_array.g_data_sym[9].g_data_sym_casc_buff.i_data_sym_casc_buff/g_buff.i_buff/gen_dly.gen_shiftreg.gen_rtl_delay.delay_bus_reg[0][1] cannot be supported because of smaller than expected depth of fanout-free flop chain.
WARNING: [Synth 8-5591] srl_style attribute value srl_reg on U0/i_synth/g_single_rate.i_single_rate/g_parallel.g_paths[0].g_symmetric.g_data_sym_array.g_data_sym[9].g_data_sym_casc_buff.i_data_sym_casc_buff/g_buff.i_buff/gen_dly.gen_shiftreg.gen_rtl_delay.delay_bus_reg[0][0] cannot be supported because of smaller than expected depth of fanout-free flop chain.
WARNING: [Synth 8-5591] srl_style attribute value srl_reg on U0/i_synth/g_single_rate.i_single_rate/g_parallel.g_paths[0].g_symmetric.g_data_sym_array.g_data_sym[8].g_data_sym_casc_buff.i_data_sym_casc_buff/g_buff.i_buff/gen_dly.gen_shiftreg.gen_rtl_delay.delay_bus_reg[0][11] cannot be supported because of smaller than expected depth of fanout-free flop chain.
WARNING: [Synth 8-5591] srl_style attribute value srl_reg on U0/i_synth/g_single_rate.i_single_rate/g_parallel.g_paths[0].g_symmetric.g_data_sym_array.g_data_sym[8].g_data_sym_casc_buff.i_data_sym_casc_buff/g_buff.i_buff/gen_dly.gen_shiftreg.gen_rtl_delay.delay_bus_reg[0][10] cannot be supported because of smaller than expected depth of fanout-free flop chain.
WARNING: [Synth 8-5591] srl_style attribute value srl_reg on U0/i_synth/g_single_rate.i_single_rate/g_parallel.g_paths[0].g_symmetric.g_data_sym_array.g_data_sym[8].g_data_sym_casc_buff.i_data_sym_casc_buff/g_buff.i_buff/gen_dly.gen_shiftreg.gen_rtl_delay.delay_bus_reg[0][9] cannot be supported because of smaller than expected depth of fanout-free flop chain.
WARNING: [Synth 8-5591] srl_style attribute value srl_reg on U0/i_synth/g_single_rate.i_single_rate/g_parallel.g_paths[0].g_symmetric.g_data_sym_array.g_data_sym[8].g_data_sym_casc_buff.i_data_sym_casc_buff/g_buff.i_buff/gen_dly.gen_shiftreg.gen_rtl_delay.delay_bus_reg[0][8] cannot be supported because of smaller than expected depth of fanout-free flop chain.
WARNING: [Synth 8-5591] srl_style attribute value srl_reg on U0/i_synth/g_single_rate.i_single_rate/g_parallel.g_paths[0].g_symmetric.g_data_sym_array.g_data_sym[8].g_data_sym_casc_buff.i_data_sym_casc_buff/g_buff.i_buff/gen_dly.gen_shiftreg.gen_rtl_delay.delay_bus_reg[0][7] cannot be supported because of smaller than expected depth of fanout-free flop chain.
WARNING: [Synth 8-5591] srl_style attribute value srl_reg on U0/i_synth/g_single_rate.i_single_rate/g_parallel.g_paths[0].g_symmetric.g_data_sym_array.g_data_sym[8].g_data_sym_casc_buff.i_data_sym_casc_buff/g_buff.i_buff/gen_dly.gen_shiftreg.gen_rtl_delay.delay_bus_reg[0][6] cannot be supported because of smaller than expected depth of fanout-free flop chain.
WARNING: [Synth 8-5591] srl_style attribute value srl_reg on U0/i_synth/g_single_rate.i_single_rate/g_parallel.g_paths[0].g_symmetric.g_data_sym_array.g_data_sym[8].g_data_sym_casc_buff.i_data_sym_casc_buff/g_buff.i_buff/gen_dly.gen_shiftreg.gen_rtl_delay.delay_bus_reg[0][5] cannot be supported because of smaller than expected depth of fanout-free flop chain.
WARNING: [Synth 8-5591] srl_style attribute value srl_reg on U0/i_synth/g_single_rate.i_single_rate/g_parallel.g_paths[0].g_symmetric.g_data_sym_array.g_data_sym[8].g_data_sym_casc_buff.i_data_sym_casc_buff/g_buff.i_buff/gen_dly.gen_shiftreg.gen_rtl_delay.delay_bus_reg[0][4] cannot be supported because of smaller than expected depth of fanout-free flop chain.
WARNING: [Synth 8-5591] srl_style attribute value srl_reg on U0/i_synth/g_single_rate.i_single_rate/g_parallel.g_paths[0].g_symmetric.g_data_sym_array.g_data_sym[8].g_data_sym_casc_buff.i_data_sym_casc_buff/g_buff.i_buff/gen_dly.gen_shiftreg.gen_rtl_delay.delay_bus_reg[0][3] cannot be supported because of smaller than expected depth of fanout-free flop chain.
WARNING: [Synth 8-5591] srl_style attribute value srl_reg on U0/i_synth/g_single_rate.i_single_rate/g_parallel.g_paths[0].g_symmetric.g_data_sym_array.g_data_sym[8].g_data_sym_casc_buff.i_data_sym_casc_buff/g_buff.i_buff/gen_dly.gen_shiftreg.gen_rtl_delay.delay_bus_reg[0][2] cannot be supported because of smaller than expected depth of fanout-free flop chain.
WARNING: [Synth 8-5591] srl_style attribute value srl_reg on U0/i_synth/g_single_rate.i_single_rate/g_parallel.g_paths[0].g_symmetric.g_data_sym_array.g_data_sym[8].g_data_sym_casc_buff.i_data_sym_casc_buff/g_buff.i_buff/gen_dly.gen_shiftreg.gen_rtl_delay.delay_bus_reg[0][1] cannot be supported because of smaller than expected depth of fanout-free flop chain.
WARNING: [Synth 8-5591] srl_style attribute value srl_reg on U0/i_synth/g_single_rate.i_single_rate/g_parallel.g_paths[0].g_symmetric.g_data_sym_array.g_data_sym[8].g_data_sym_casc_buff.i_data_sym_casc_buff/g_buff.i_buff/gen_dly.gen_shiftreg.gen_rtl_delay.delay_bus_reg[0][0] cannot be supported because of smaller than expected depth of fanout-free flop chain.
WARNING: [Synth 8-5591] srl_style attribute value srl_reg on U0/i_synth/g_single_rate.i_single_rate/g_parallel.g_paths[0].g_symmetric.g_data_sym_array.g_data_sym[7].g_data_sym_casc_buff.i_data_sym_casc_buff/g_buff.i_buff/gen_dly.gen_shiftreg.gen_rtl_delay.delay_bus_reg[0][11] cannot be supported because of smaller than expected depth of fanout-free flop chain.
WARNING: [Synth 8-5591] srl_style attribute value srl_reg on U0/i_synth/g_single_rate.i_single_rate/g_parallel.g_paths[0].g_symmetric.g_data_sym_array.g_data_sym[7].g_data_sym_casc_buff.i_data_sym_casc_buff/g_buff.i_buff/gen_dly.gen_shiftreg.gen_rtl_delay.delay_bus_reg[0][10] cannot be supported because of smaller than expected depth of fanout-free flop chain.
WARNING: [Synth 8-5591] srl_style attribute value srl_reg on U0/i_synth/g_single_rate.i_single_rate/g_parallel.g_paths[0].g_symmetric.g_data_sym_array.g_data_sym[7].g_data_sym_casc_buff.i_data_sym_casc_buff/g_buff.i_buff/gen_dly.gen_shiftreg.gen_rtl_delay.delay_bus_reg[0][9] cannot be supported because of smaller than expected depth of fanout-free flop chain.
WARNING: [Synth 8-5591] srl_style attribute value srl_reg on U0/i_synth/g_single_rate.i_single_rate/g_parallel.g_paths[0].g_symmetric.g_data_sym_array.g_data_sym[7].g_data_sym_casc_buff.i_data_sym_casc_buff/g_buff.i_buff/gen_dly.gen_shiftreg.gen_rtl_delay.delay_bus_reg[0][8] cannot be supported because of smaller than expected depth of fanout-free flop chain.
WARNING: [Synth 8-5591] srl_style attribute value srl_reg on U0/i_synth/g_single_rate.i_single_rate/g_parallel.g_paths[0].g_symmetric.g_data_sym_array.g_data_sym[7].g_data_sym_casc_buff.i_data_sym_casc_buff/g_buff.i_buff/gen_dly.gen_shiftreg.gen_rtl_delay.delay_bus_reg[0][7] cannot be supported because of smaller than expected depth of fanout-free flop chain.
WARNING: [Synth 8-5591] srl_style attribute value srl_reg on U0/i_synth/g_single_rate.i_single_rate/g_parallel.g_paths[0].g_symmetric.g_data_sym_array.g_data_sym[7].g_data_sym_casc_buff.i_data_sym_casc_buff/g_buff.i_buff/gen_dly.gen_shiftreg.gen_rtl_delay.delay_bus_reg[0][6] cannot be supported because of smaller than expected depth of fanout-free flop chain.
WARNING: [Synth 8-5591] srl_style attribute value srl_reg on U0/i_synth/g_single_rate.i_single_rate/g_parallel.g_paths[0].g_symmetric.g_data_sym_array.g_data_sym[7].g_data_sym_casc_buff.i_data_sym_casc_buff/g_buff.i_buff/gen_dly.gen_shiftreg.gen_rtl_delay.delay_bus_reg[0][5] cannot be supported because of smaller than expected depth of fanout-free flop chain.
WARNING: [Synth 8-5591] srl_style attribute value srl_reg on U0/i_synth/g_single_rate.i_single_rate/g_parallel.g_paths[0].g_symmetric.g_data_sym_array.g_data_sym[7].g_data_sym_casc_buff.i_data_sym_casc_buff/g_buff.i_buff/gen_dly.gen_shiftreg.gen_rtl_delay.delay_bus_reg[0][4] cannot be supported because of smaller than expected depth of fanout-free flop chain.
WARNING: [Synth 8-5591] srl_style attribute value srl_reg on U0/i_synth/g_single_rate.i_single_rate/g_parallel.g_paths[0].g_symmetric.g_data_sym_array.g_data_sym[7].g_data_sym_casc_buff.i_data_sym_casc_buff/g_buff.i_buff/gen_dly.gen_shiftreg.gen_rtl_delay.delay_bus_reg[0][3] cannot be supported because of smaller than expected depth of fanout-free flop chain.
WARNING: [Synth 8-5591] srl_style attribute value srl_reg on U0/i_synth/g_single_rate.i_single_rate/g_parallel.g_paths[0].g_symmetric.g_data_sym_array.g_data_sym[7].g_data_sym_casc_buff.i_data_sym_casc_buff/g_buff.i_buff/gen_dly.gen_shiftreg.gen_rtl_delay.delay_bus_reg[0][2] cannot be supported because of smaller than expected depth of fanout-free flop chain.
WARNING: [Synth 8-5591] srl_style attribute value srl_reg on U0/i_synth/g_single_rate.i_single_rate/g_parallel.g_paths[0].g_symmetric.g_data_sym_array.g_data_sym[7].g_data_sym_casc_buff.i_data_sym_casc_buff/g_buff.i_buff/gen_dly.gen_shiftreg.gen_rtl_delay.delay_bus_reg[0][1] cannot be supported because of smaller than expected depth of fanout-free flop chain.
WARNING: [Synth 8-5591] srl_style attribute value srl_reg on U0/i_synth/g_single_rate.i_single_rate/g_parallel.g_paths[0].g_symmetric.g_data_sym_array.g_data_sym[7].g_data_sym_casc_buff.i_data_sym_casc_buff/g_buff.i_buff/gen_dly.gen_shiftreg.gen_rtl_delay.delay_bus_reg[0][0] cannot be supported because of smaller than expected depth of fanout-free flop chain.
WARNING: [Synth 8-5591] srl_style attribute value srl_reg on U0/i_synth/g_single_rate.i_single_rate/g_parallel.g_paths[0].g_symmetric.g_data_sym_array.g_data_sym[6].g_data_sym_casc_buff.i_data_sym_casc_buff/g_buff.i_buff/gen_dly.gen_shiftreg.gen_rtl_delay.delay_bus_reg[0][11] cannot be supported because of smaller than expected depth of fanout-free flop chain.
WARNING: [Synth 8-5591] srl_style attribute value srl_reg on U0/i_synth/g_single_rate.i_single_rate/g_parallel.g_paths[0].g_symmetric.g_data_sym_array.g_data_sym[6].g_data_sym_casc_buff.i_data_sym_casc_buff/g_buff.i_buff/gen_dly.gen_shiftreg.gen_rtl_delay.delay_bus_reg[0][10] cannot be supported because of smaller than expected depth of fanout-free flop chain.
WARNING: [Synth 8-5591] srl_style attribute value srl_reg on U0/i_synth/g_single_rate.i_single_rate/g_parallel.g_paths[0].g_symmetric.g_data_sym_array.g_data_sym[6].g_data_sym_casc_buff.i_data_sym_casc_buff/g_buff.i_buff/gen_dly.gen_shiftreg.gen_rtl_delay.delay_bus_reg[0][9] cannot be supported because of smaller than expected depth of fanout-free flop chain.
WARNING: [Synth 8-5591] srl_style attribute value srl_reg on U0/i_synth/g_single_rate.i_single_rate/g_parallel.g_paths[0].g_symmetric.g_data_sym_array.g_data_sym[6].g_data_sym_casc_buff.i_data_sym_casc_buff/g_buff.i_buff/gen_dly.gen_shiftreg.gen_rtl_delay.delay_bus_reg[0][8] cannot be supported because of smaller than expected depth of fanout-free flop chain.
INFO: [Common 17-14] Message 'Synth 8-5591' appears 100 times and further instances of the messages will be disabled. Use the Tcl command set_msg_config to change the current settings.
---------------------------------------------------------------------------------
Finished Technology Mapping : Time (s): cpu = 00:00:23 ; elapsed = 00:00:25 . Memory (MB): peak = 1147.895 ; gain = 523.543
---------------------------------------------------------------------------------

Report RTL Partitions: 
+-+--------------+------------+----------+
| |RTL Partition |Replication |Instances |
+-+--------------+------------+----------+
+-+--------------+------------+----------+
---------------------------------------------------------------------------------
Start IO Insertion
---------------------------------------------------------------------------------
---------------------------------------------------------------------------------
Start Flattening Before IO Insertion
---------------------------------------------------------------------------------
---------------------------------------------------------------------------------
Finished Flattening Before IO Insertion
---------------------------------------------------------------------------------
---------------------------------------------------------------------------------
Start Final Netlist Cleanup
---------------------------------------------------------------------------------
---------------------------------------------------------------------------------
Finished Final Netlist Cleanup
---------------------------------------------------------------------------------
---------------------------------------------------------------------------------
Finished IO Insertion : Time (s): cpu = 00:00:25 ; elapsed = 00:00:27 . Memory (MB): peak = 1149.137 ; gain = 524.785
---------------------------------------------------------------------------------
---------------------------------------------------------------------------------
Start Renaming Generated Instances
---------------------------------------------------------------------------------
---------------------------------------------------------------------------------
Finished Renaming Generated Instances : Time (s): cpu = 00:00:25 ; elapsed = 00:00:27 . Memory (MB): peak = 1149.137 ; gain = 524.785
---------------------------------------------------------------------------------

Report RTL Partitions: 
+-+--------------+------------+----------+
| |RTL Partition |Replication |Instances |
+-+--------------+------------+----------+
+-+--------------+------------+----------+

Report Check Netlist: 
+------+------------------+-------+---------+-------+------------------+
|      |Item              |Errors |Warnings |Status |Description       |
+------+------------------+-------+---------+-------+------------------+
|1     |multi_driven_nets |      0|        0|Passed |Multi driven nets |
+------+------------------+-------+---------+-------+------------------+
---------------------------------------------------------------------------------
Start Rebuilding User Hierarchy
---------------------------------------------------------------------------------
---------------------------------------------------------------------------------
Finished Rebuilding User Hierarchy : Time (s): cpu = 00:00:25 ; elapsed = 00:00:27 . Memory (MB): peak = 1149.137 ; gain = 524.785
---------------------------------------------------------------------------------
---------------------------------------------------------------------------------
Start Renaming Generated Ports
---------------------------------------------------------------------------------
---------------------------------------------------------------------------------
Finished Renaming Generated Ports : Time (s): cpu = 00:00:25 ; elapsed = 00:00:27 . Memory (MB): peak = 1149.137 ; gain = 524.785
---------------------------------------------------------------------------------
---------------------------------------------------------------------------------
Start Handling Custom Attributes
---------------------------------------------------------------------------------
---------------------------------------------------------------------------------
Finished Handling Custom Attributes : Time (s): cpu = 00:00:25 ; elapsed = 00:00:28 . Memory (MB): peak = 1149.137 ; gain = 524.785
---------------------------------------------------------------------------------
---------------------------------------------------------------------------------
Start Renaming Generated Nets
---------------------------------------------------------------------------------
---------------------------------------------------------------------------------
Finished Renaming Generated Nets : Time (s): cpu = 00:00:26 ; elapsed = 00:00:28 . Memory (MB): peak = 1149.137 ; gain = 524.785
---------------------------------------------------------------------------------
---------------------------------------------------------------------------------
Start Writing Synthesis Report
---------------------------------------------------------------------------------

Report BlackBoxes: 
+-+--------------+----------+
| |BlackBox name |Instances |
+-+--------------+----------+
+-+--------------+----------+

Report Cell Usage: 
+------+----------+------+
|      |Cell      |Count |
+------+----------+------+
|1     |DSP48E1   |    32|
|2     |DSP48E1_1 |     1|
|3     |LUT1      |    66|
|4     |LUT2      |    52|
|5     |LUT3      |     4|
|6     |LUT4      |   405|
|7     |LUT5      |     3|
|8     |LUT6      |     3|
|9     |MUXCY_L   |   416|
|10    |SRL16E    |   385|
|11    |SRLC32E   |     1|
|12    |XORCY     |   416|
|13    |FDRE      |  2022|
|14    |FDSE      |    11|
+------+----------+------+
---------------------------------------------------------------------------------
Finished Writing Synthesis Report : Time (s): cpu = 00:00:26 ; elapsed = 00:00:28 . Memory (MB): peak = 1149.137 ; gain = 524.785
---------------------------------------------------------------------------------
Synthesis finished with 0 errors, 0 critical warnings and 1178 warnings.
Synthesis Optimization Runtime : Time (s): cpu = 00:00:14 ; elapsed = 00:00:23 . Memory (MB): peak = 1149.137 ; gain = 485.086
Synthesis Optimization Complete : Time (s): cpu = 00:00:26 ; elapsed = 00:00:28 . Memory (MB): peak = 1149.137 ; gain = 524.785
INFO: [Project 1-571] Translating synthesized netlist
Netlist sorting complete. Time (s): cpu = 00:00:00 ; elapsed = 00:00:00.074 . Memory (MB): peak = 1149.137 ; gain = 0.000
INFO: [Netlist 29-17] Analyzing 865 Unisim elements for replacement
INFO: [Netlist 29-28] Unisim Transformation completed in 0 CPU seconds
INFO: [Project 1-570] Preparing netlist for logic optimization
INFO: [Opt 31-138] Pushed 0 inverter(s) to 0 load pin(s).
Netlist sorting complete. Time (s): cpu = 00:00:00 ; elapsed = 00:00:00.001 . Memory (MB): peak = 1162.137 ; gain = 0.000
INFO: [Project 1-111] Unisim Transformation Summary:
  A total of 128 instances were transformed.
  (MUXCY,XORCY) => CARRY4: 128 instances

INFO: [Common 17-83] Releasing license: Synthesis
26 Infos, 202 Warnings, 0 Critical Warnings and 0 Errors encountered.
synth_design completed successfully
synth_design: Time (s): cpu = 00:00:29 ; elapsed = 00:00:33 . Memory (MB): peak = 1162.137 ; gain = 829.340
Netlist sorting complete. Time (s): cpu = 00:00:00 ; elapsed = 00:00:00.002 . Memory (MB): peak = 1162.137 ; gain = 0.000
WARNING: [Constraints 18-5210] No constraints selected for write.
Resolution: This message can indicate that there are no constraints for the design, or it can indicate that the used_in flags are set such that the constraints are ignored. This later case is used when running synth_design to not write synthesis constraints to the resulting checkpoint. Instead, project constraints are read when the synthesized design is opened.
INFO: [Common 17-1381] The checkpoint 'D:/vivado2/max30102x3/prj/prj.runs/sum_synth_1/sum.dcp' has been generated.
WARNING: [Common 17-576] 'use_project_ipc' is deprecated. This option is deprecated and no longer used.
INFO: [Coretcl 2-1648] Added synthesis output to IP cache for IP sum, cache-ID = ecdd475a82f006f7
INFO: [Coretcl 2-1174] Renamed 264 cell refs.
Netlist sorting complete. Time (s): cpu = 00:00:00 ; elapsed = 00:00:00.002 . Memory (MB): peak = 1162.137 ; gain = 0.000
WARNING: [Constraints 18-5210] No constraints selected for write.
Resolution: This message can indicate that there are no constraints for the design, or it can indicate that the used_in flags are set such that the constraints are ignored. This later case is used when running synth_design to not write synthesis constraints to the resulting checkpoint. Instead, project constraints are read when the synthesized design is opened.
INFO: [Common 17-1381] The checkpoint 'D:/vivado2/max30102x3/prj/prj.runs/sum_synth_1/sum.dcp' has been generated.
INFO: [runtcl-4] Executing : report_utilization -file sum_utilization_synth.rpt -pb sum_utilization_synth.pb
INFO: [Common 17-206] Exiting Vivado at Tue Jan  6 21:12:07 2026...
